Component: ARM Compiler 5.06 update 1 (build 61) Tool: armlink [4d35a8]

==============================================================================

Section Cross References

    main.o(.text) refers to delay.o(.text) for delay_init
    main.o(.text) refers to misc.o(.text) for NVIC_PriorityGroupConfig
    main.o(.text) refers to usart.o(.text) for uart_init
    main.o(.text) refers to uart4.o(.text) for uart4_init
    main.o(.text) refers to led.o(.text) for LED_Init
    main.o(.text) refers to beep.o(.text) for BEEP_Init
    main.o(.text) refers to key.o(.text) for KEY_Init
    main.o(.text) refers to lcd.o(.text) for LCD_Init
    main.o(.text) refers to timer.o(.text) for TIM3_Int_Init
    main.o(.text) refers to ads115.o(.text) for ADS1115_Init
    main.o(.text) refers to dma.o(.text) for DMA_Config
    main.o(.text) refers to stm32f10x_usart.o(.text) for USART_DMACmd
    main.o(.text) refers to ads1292.o(.text) for ADS1292_Init
    main.o(.text) refers to exti.o(.text) for EXTIX_Init
    main.o(.text) refers to ad9954.o(.text) for AD9954_Init
    main.o(.text) refers to adc.o(.text) for Adc_Init
    main.o(.text) refers to mlx90614.o(.text) for SMBus_Init
    main.o(.text) refers to printf5.o(i.__0printf$5) for __2printf
    main.o(.text) refers to ads1292.o(.data) for ads1292_recive_flag
    main.o(.text) refers to ads1292.o(.bss) for ads1292_Cache
    system_stm32f10x.o(.text) refers to system_stm32f10x.o(.data) for SystemCoreClock
    led.o(.text) refers to stm32f10x_rcc.o(.text) for RCC_APB2PeriphClockCmd
    led.o(.text) refers to stm32f10x_gpio.o(.text) for GPIO_Init
    key.o(.text) refers to stm32f10x_rcc.o(.text) for RCC_APB2PeriphClockCmd
    key.o(.text) refers to stm32f10x_gpio.o(.text) for GPIO_Init
    key.o(.text) refers to delay.o(.text) for delay_ms
    key.o(.text) refers to key.o(.data) for key_up
    timer.o(.text) refers to stm32f10x_rcc.o(.text) for RCC_APB1PeriphClockCmd
    timer.o(.text) refers to stm32f10x_tim.o(.text) for TIM_TimeBaseInit
    timer.o(.text) refers to misc.o(.text) for NVIC_Init
    timer.o(.text) refers to stm32f10x_gpio.o(.text) for GPIO_Init
    ads115.o(.text) refers to stm32f10x_rcc.o(.text) for RCC_APB2PeriphClockCmd
    ads115.o(.text) refers to stm32f10x_gpio.o(.text) for GPIO_Init
    ads115.o(.text) refers to ffltui.o(.text) for __aeabi_ui2f
    ads115.o(.text) refers to ffixui.o(.text) for __aeabi_f2uiz
    ads115.o(.text) refers to fadd.o(.text) for __aeabi_fadd
    ads115.o(.text) refers to fdiv.o(.text) for __aeabi_fdiv
    spi.o(.text) refers to stm32f10x_rcc.o(.text) for RCC_APB2PeriphClockCmd
    spi.o(.text) refers to stm32f10x_gpio.o(.text) for GPIO_Init
    spi.o(.text) refers to stm32f10x_spi.o(.text) for SPI_Init
    ads1292.o(.text) refers to spi.o(.text) for SPI2_ReadWriteByte
    ads1292.o(.text) refers to delay.o(.text) for delay_us
    ads1292.o(.text) refers to printf5.o(i.__0printf$5) for __2printf
    ads1292.o(.text) refers to stm32f10x_rcc.o(.text) for RCC_APB2PeriphClockCmd
    ads1292.o(.text) refers to stm32f10x_gpio.o(.text) for GPIO_Init
    ads1292.o(.text) refers to exti.o(.text) for EXTIX_Init
    ads1292.o(.text) refers to ads1292.o(.bss) for ADS1292_REG
    ads1292.o(.text) refers to ads1292.o(.data) for Ads1292_Config1
    dma.o(.text) refers to delay.o(.text) for delay_ms
    exti.o(.text) refers to stm32f10x_rcc.o(.text) for RCC_APB2PeriphClockCmd
    exti.o(.text) refers to stm32f10x_gpio.o(.text) for GPIO_Init
    exti.o(.text) refers to stm32f10x_exti.o(.text) for EXTI_ClearITPendingBit
    exti.o(.text) refers to misc.o(.text) for NVIC_Init
    exti.o(.text) refers to ads1292.o(.text) for ADS1292_Read_Data
    exti.o(.text) refers to ads1292.o(.bss) for ads1292_Cache
    exti.o(.text) refers to ads1292.o(.data) for ads1292_recive_flag
    mlx90614.o(.text) refers to stm32f10x_rcc.o(.text) for RCC_APB2PeriphClockCmd
    mlx90614.o(.text) refers to stm32f10x_gpio.o(.text) for GPIO_Init
    mlx90614.o(.text) refers to dfltui.o(.text) for __aeabi_ui2d
    mlx90614.o(.text) refers to dmul.o(.text) for __aeabi_dmul
    mlx90614.o(.text) refers to dadd.o(.text) for __aeabi_dsub
    mlx90614.o(.text) refers to d2f.o(.text) for __aeabi_d2f
    mlx90614.o(.text) refers to fadd.o(.text) for __aeabi_fadd
    mlx90614.o(.text) refers to f2d.o(.text) for __aeabi_f2d
    mlx90614.o(.text) refers to ddiv.o(.text) for __aeabi_ddiv
    mlx90614.o(.text) refers to delay.o(.text) for delay_ms
    beep.o(.text) refers to stm32f10x_rcc.o(.text) for RCC_APB2PeriphClockCmd
    beep.o(.text) refers to stm32f10x_gpio.o(.text) for GPIO_Init
    adc.o(.text) refers to stm32f10x_rcc.o(.text) for RCC_APB2PeriphClockCmd
    adc.o(.text) refers to stm32f10x_gpio.o(.text) for GPIO_Init
    adc.o(.text) refers to stm32f10x_adc.o(.text) for ADC_DeInit
    adc.o(.text) refers to delay.o(.text) for delay_ms
    lcd.o(.text) refers to delay.o(.text) for delay_us
    lcd.o(.text) refers to lcd.o(.bss) for lcddev
[...]
    printfa.o(i._printf_core) refers to uidiv.o(.text) for __aeabi_uidivmod
    printfa.o(i._printf_post_padding) refers (Special) to iusefp.o(.text) for __I$use$fp
    printfa.o(i._printf_pre_padding) refers (Special) to iusefp.o(.text) for __I$use$fp
    printfa.o(i._snputc) refers (Special) to iusefp.o(.text) for __I$use$fp
    printfa.o(i._sputc) refers (Special) to iusefp.o(.text) for __I$use$fp
    fadd.o(.text) refers (Special) to iusefp.o(.text) for __I$use$fp
    fadd.o(.text) refers to fepilogue.o(.text) for _float_epilogue
    fdiv.o(.text) refers (Special) to iusefp.o(.text) for __I$use$fp
    fdiv.o(.text) refers to fepilogue.o(.text) for _float_round
    dadd.o(.text) refers (Special) to iusefp.o(.text) for __I$use$fp
    dadd.o(.text) refers to llshl.o(.text) for __aeabi_llsl
    dadd.o(.text) refers to llsshr.o(.text) for __aeabi_lasr
    dadd.o(.text) refers to depilogue.o(.text) for _double_epilogue
    dmul.o(.text) refers (Special) to iusefp.o(.text) for __I$use$fp
    dmul.o(.text) refers to depilogue.o(.text) for _double_epilogue
    ddiv.o(.text) refers (Special) to iusefp.o(.text) for __I$use$fp
    ddiv.o(.text) refers to depilogue.o(.text) for _double_round
    ffltui.o(.text) refers (Special) to iusefp.o(.text) for __I$use$fp
    ffltui.o(.text) refers to fepilogue.o(.text) for _float_epilogue
    dfltui.o(.text) refers (Special) to iusefp.o(.text) for __I$use$fp
    dfltui.o(.text) refers to depilogue.o(.text) for _double_epilogue
    ffixui.o(.text) refers (Special) to iusefp.o(.text) for __I$use$fp
    dfixui.o(.text) refers (Special) to iusefp.o(.text) for __I$use$fp
    dfixui.o(.text) refers to llushr.o(.text) for __aeabi_llsr
    f2d.o(.text) refers (Special) to iusefp.o(.text) for __I$use$fp
    d2f.o(.text) refers (Special) to iusefp.o(.text) for __I$use$fp
    d2f.o(.text) refers to fepilogue.o(.text) for _float_round
    entry2.o(.ARM.Collect$$$$00000001) refers to entry2.o(.ARM.Collect$$$$00002712) for __lit__00000000
    entry2.o(.ARM.Collect$$$$00002712) refers to startup_stm32f10x_hd.o(STACK) for __initial_sp
    entry2.o(__vectab_stack_and_reset_area) refers to startup_stm32f10x_hd.o(STACK) for __initial_sp
    entry2.o(__vectab_stack_and_reset_area) refers to entry.o(.ARM.Collect$$$$00000000) for __main
    entry5.o(.ARM.Collect$$$$00000004) refers to init.o(.text) for __scatterload
    entry9a.o(.ARM.Collect$$$$0000000B) refers to main.o(.text) for main
    entry9b.o(.ARM.Collect$$$$0000000C) refers to main.o(.text) for main
    uldiv.o(.text) refers to llushr.o(.text) for __aeabi_llsr
    uldiv.o(.text) refers to llshl.o(.text) for __aeabi_llsl
    depilogue.o(.text) refers to llshl.o(.text) for __aeabi_llsl
    depilogue.o(.text) refers to llushr.o(.text) for __aeabi_llsr
    dfixul.o(.text) refers to llushr.o(.text) for __aeabi_llsr
    dfixul.o(.text) refers to llshl.o(.text) for __aeabi_llsl
    init.o(.text) refers to entry5.o(.ARM.Collect$$$$00000004) for __main_after_scatterload


==============================================================================

Removing Unused input sections from the image.

    Removing sys.o(.emb_text), (6 bytes).
    Removing sys.o(.text), (12 bytes).
    Removing core_cm3.o(.emb_text), (32 bytes).
    Removing startup_stm32f10x_hd.o(HEAP), (512 bytes).

4 unused section(s) (total 562 bytes) removed from the image.

==============================================================================

Image Symbol Table

    Local Symbols

    Symbol Name                              Value     Ov Type        Size  Object(Section)

    ../clib/microlib/division.c              0x00000000   Number         0  uidiv.o ABSOLUTE
    ../clib/microlib/division.c              0x00000000   Number         0  uldiv.o ABSOLUTE
    ../clib/microlib/init/entry.s            0x00000000   Number         0  entry10a.o ABSOLUTE
    ../clib/microlib/init/entry.s            0x00000000   Number         0  entry7a.o ABSOLUTE
    ../clib/microlib/init/entry.s            0x00000000   Number         0  entry9a.o ABSOLUTE
    ../clib/microlib/init/entry.s            0x00000000   Number         0  entry5.o ABSOLUTE
    ../clib/microlib/init/entry.s            0x00000000   Number         0  entry9b.o ABSOLUTE
    ../clib/microlib/init/entry.s            0x00000000   Number         0  entry11b.o ABSOLUTE
    ../clib/microlib/init/entry.s            0x00000000   Number         0  entry2.o ABSOLUTE
    ../clib/microlib/init/entry.s            0x00000000   Number         0  entry.o ABSOLUTE
    ../clib/microlib/init/entry.s            0x00000000   Number         0  entry8a.o ABSOLUTE
    ../clib/microlib/init/entry.s            0x00000000   Number         0  entry10b.o ABSOLUTE
    ../clib/microlib/init/entry.s            0x00000000   Number         0  entry11a.o ABSOLUTE
    ../clib/microlib/init/entry.s            0x00000000   Number         0  entry7b.o ABSOLUTE
    ../clib/microlib/init/entry.s            0x00000000   Number         0  entry8b.o ABSOLUTE
    ../clib/microlib/longlong.c              0x00000000   Number         0  llshl.o ABSOLUTE
    ../clib/microlib/longlong.c              0x00000000   Number         0  llushr.o ABSOLUTE
    ../clib/microlib/longlong.c              0x00000000   Number         0  llsshr.o ABSOLUTE
    ../clib/microlib/printf/printf.c         0x00000000   Number         0  printf2.o ABSOLUTE
    ../clib/microlib/printf/printf.c         0x00000000   Number         0  printf4.o ABSOLUTE
    ../clib/microlib/printf/printf.c         0x00000000   Number         0  printf5.o ABSOLUTE
    ../clib/microlib/printf/printf.c         0x00000000   Number         0  printf6.o ABSOLUTE
    ../clib/microlib/printf/printf.c         0x00000000   Number         0  printfb.o ABSOLUTE
    ../clib/microlib/printf/printf.c         0x00000000   Number         0  printf8.o ABSOLUTE
    ../clib/microlib/printf/printf.c         0x00000000   Number         0  printf7.o ABSOLUTE
    ../clib/microlib/printf/printf.c         0x00000000   Number         0  printfa.o ABSOLUTE
    ../clib/microlib/printf/printf.c         0x00000000   Number         0  printf0.o ABSOLUTE
    ../clib/microlib/printf/printf.c         0x00000000   Number         0  printf3.o ABSOLUTE
    ../clib/microlib/printf/printf.c         0x00000000   Number         0  printf1.o ABSOLUTE
    ../clib/microlib/printf/stubs.s          0x00000000   Number         0  stubs.o ABSOLUTE
    ../clib/microlib/string/strlen.c         0x00000000   Number         0  strlen.o ABSOLUTE
    ../clib/microlib/stubs.s                 0x00000000   Number         0  useno.o ABSOLUTE
    ../clib/microlib/stubs.s                 0x00000000   Number         0  iusefp.o ABSOLUTE
    ../fplib/microlib/d2f.c                  0x00000000   Number         0  d2f.o ABSOLUTE
    ../fplib/microlib/f2d.c                  0x00000000   Number         0  f2d.o ABSOLUTE
    ../fplib/microlib/fpadd.c                0x00000000   Number         0  fadd.o ABSOLUTE
    ../fplib/microlib/fpadd.c                0x00000000   Number         0  dadd.o ABSOLUTE
    ../fplib/microlib/fpdiv.c                0x00000000   Number         0  fdiv.o ABSOLUTE
    ../fplib/microlib/fpdiv.c                0x00000000   Number         0  ddiv.o ABSOLUTE
    ../fplib/microlib/fpepilogue.c           0x00000000   Number         0  fepilogue.o ABSOLUTE
    ../fplib/microlib/fpepilogue.c           0x00000000   Number         0  depilogue.o ABSOLUTE
    ../fplib/microlib/fpfix.c                0x00000000   Number         0  dfixui.o ABSOLUTE
    ../fplib/microlib/fpfix.c                0x00000000   Number         0  ffixui.o ABSOLUTE
    ../fplib/microlib/fpfix.c                0x00000000   Number         0  dfixul.o ABSOLUTE
    ../fplib/microlib/fpflt.c                0x00000000   Number         0  ffltui.o ABSOLUTE
    ../fplib/microlib/fpflt.c                0x00000000   Number         0  dfltui.o ABSOLUTE
    ../fplib/microlib/fpmul.c                0x00000000   Number         0  dmul.o ABSOLUTE
    ..\CORE\core_cm3.c                       0x00000000   Number         0  core_cm3.o ABSOLUTE
    ..\CORE\startup_stm32f10x_hd.s           0x00000000   Number         0  startup_stm32f10x_hd.o ABSOLUTE
    ..\HARDWARE\AD9954\AD9954.c              0x00000000   Number         0  ad9954.o ABSOLUTE
    ..\HARDWARE\ADC\adc.c                    0x00000000   Number         0  adc.o ABSOLUTE
    ..\HARDWARE\ADS1115\ads115.c             0x00000000   Number         0  ads115.o ABSOLUTE
    ..\HARDWARE\ADS1292\ADS1292.C            0x00000000   Number         0  ads1292.o ABSOLUTE
    ..\HARDWARE\BEEP\beep.c                  0x00000000   Number         0  beep.o ABSOLUTE
    ..\HARDWARE\DMA\dma.c                    0x00000000   Number         0  dma.o ABSOLUTE
    ..\HARDWARE\EXTI\exti.c                  0x00000000   Number         0  exti.o ABSOLUTE
    ..\HARDWARE\KEY\key.c                    0x00000000   Number         0  key.o ABSOLUTE
    ..\HARDWARE\LCD\lcd.c                    0x00000000   Number         0  lcd.o ABSOLUTE
    ..\HARDWARE\LED\led.c                    0x00000000   Number         0  led.o ABSOLUTE
    ..\HARDWARE\MLX90614\mlx90614.c          0x00000000   Number         0  mlx90614.o ABSOLUTE
    ..\HARDWARE\SPI\spi.c                    0x00000000   Number         0  spi.o ABSOLUTE
    ..\HARDWARE\TIMER\timer.c                0x00000000   Number         0  timer.o ABSOLUTE
    ..\STM32F10x_FWLib\src\misc.c            0x00000000   Number         0  misc.o ABSOLUTE
    ..\STM32F10x_FWLib\src\stm32f10x_adc.c   0x00000000   Number         0  stm32f10x_adc.o ABSOLUTE
    ..\STM32F10x_FWLib\src\stm32f10x_exti.c  0x00000000   Number         0  stm32f10x_exti.o ABSOLUTE
    ..\STM32F10x_FWLib\src\stm32f10x_fsmc.c  0x00000000   Number         0  stm32f10x_fsmc.o ABSOLUTE
    ..\STM32F10x_FWLib\src\stm32f10x_gpio.c  0x00000000   Number         0  stm32f10x_gpio.o ABSOLUTE
    ..\STM32F10x_FWLib\src\stm32f10x_rcc.c   0x00000000   Number         0  stm32f10x_rcc.o ABSOLUTE
    ..\STM32F10x_FWLib\src\stm32f10x_spi.c   0x00000000   Number         0  stm32f10x_spi.o ABSOLUTE
    ..\STM32F10x_FWLib\src\stm32f10x_tim.c   0x00000000   Number         0  stm32f10x_tim.o ABSOLUTE
    ..\STM32F10x_FWLib\src\stm32f10x_usart.c 0x00000000   Number         0  stm32f10x_usart.o ABSOLUTE
    ..\SYSTEM\delay\delay.c                  0x00000000   Number         0  delay.o ABSOLUTE
    ..\SYSTEM\sys\sys.c                      0x00000000   Number         0  sys.o ABSOLUTE
    ..\SYSTEM\uart4\uart4.c                  0x00000000   Number         0  uart4.o ABSOLUTE
    ..\SYSTEM\usart\usart.c                  0x00000000   Number         0  usart.o ABSOLUTE
    ..\\CORE\\core_cm3.c                     0x00000000   Number         0  core_cm3.o ABSOLUTE
    ..\\SYSTEM\\sys\\sys.c                   0x00000000   Number         0  sys.o ABSOLUTE
    cdrcmple.s                               0x00000000   Number         0  cdrcmple.o ABSOLUTE
    dc.s                                     0x00000000   Number         0  dc.o ABSOLUTE
    handlers.s                               0x00000000   Number         0  handlers.o ABSOLUTE
    init.s                                   0x00000000   Number         0  init.o ABSOLUTE
    main.c                                   0x00000000   Number         0  main.o ABSOLUTE
    stm32f10x_it.c                           0x00000000   Number         0  stm32f10x_it.o ABSOLUTE
    system_stm32f10x.c                       0x00000000   Number         0  system_stm32f10x.o ABSOLUTE
    RESET                                    0x08000000   Section      304  startup_stm32f10x_hd.o(RESET)
    .ARM.Collect$$$$00000000                 0x08000130   Section        0  entry.o(.ARM.Collect$$$$00000000)
    .ARM.Collect$$$$00000001                 0x08000130   Section        4  entry2.o(.ARM.Collect$$$$00000001)
    .ARM.Collect$$$$00000004                 0x08000134   Section        4  entry5.o(.ARM.Collect$$$$00000004)
    .ARM.Collect$$$$00000008                 0x08000138   Section        0  entry7b.o(.ARM.Collect$$$$00000008)
    .ARM.Collect$$$$0000000A                 0x08000138   Section        0  entry8b.o(.ARM.Collect$$$$0000000A)
    .ARM.Collect$$$$0000000B                 0x08000138   Section        8  entry9a.o(.ARM.Collect$$$$0000000B)
    .ARM.Collect$$$$0000000D                 0x08000140   Section        0  entry10a.o(.ARM.Collect$$$$0000000D)
    .ARM.Collect$$$$0000000F                 0x08000140   Section        0  entry11a.o(.ARM.Collect$$$$0000000F)
    .ARM.Collect$$$$00002712                 0x08000140   Section        4  entry2.o(.ARM.Collect$$$$00002712)
    __lit__00000000                          0x08000140   Data           4  entry2.o(.ARM.Collect$$$$00002712)
    .text                                    0x08000144   Section        0  main.o(.text)
    .text                                    0x080002ec   Section        0  stm32f10x_it.o(.text)
    .text                                    0x08000308   Section        0  system_stm32f10x.o(.text)
    SetSysClockTo72                          0x08000309   Thumb Code   214  system_stm32f10x.o(.text)
    SetSysClock                              0x080003df   Thumb Code     8  system_stm32f10x.o(.text)
    .text                                    0x080004e8   Section        0  led.o(.text)
    .text                                    0x0800051c   Section        0  key.o(.text)
    .text                                    0x08000658   Section        0  timer.o(.text)
    .text                                    0x080007c0   Section        0  ads115.o(.text)
    ADS1115_delay                            0x080007c1   Thumb Code    12  ads115.o(.text)
    .text                                    0x08000b08   Section        0  spi.o(.text)
    .text                                    0x08000bd8   Section        0  ads1292.o(.text)
    .text                                    0x08001188   Section        0  dma.o(.text)
    .text                                    0x08001204   Section        0  exti.o(.text)
    .text                                    0x080012a4   Section        0  mlx90614.o(.text)
    .text                                    0x08001664   Section        0  beep.o(.text)
    .text                                    0x08001698   Section        0  adc.o(.text)
    .text                                    0x08001780   Section        0  lcd.o(.text)
    .text                                    0x080061d8   Section        0  ad9954.o(.text)
    .text                                    0x08006e44   Section        0  delay.o(.text)
    .text                                    0x08006f80   Section        0  usart.o(.text)
    .text                                    0x080070c0   Section        0  uart4.o(.text)
    .text                                    0x08007234   Section       36  startup_stm32f10x_hd.o(.text)
    .text                                    0x08007258   Section        0  misc.o(.text)
    .text                                    0x08007334   Section        0  stm32f10x_gpio.o(.text)
    .text                                    0x08007690   Section        0  stm32f10x_rcc.o(.text)
    .text                                    0x08007a34   Section        0  stm32f10x_tim.o(.text)
    TI4_Config                               0x08007edb   Thumb Code   130  stm32f10x_tim.o(.text)
    TI3_Config                               0x08007f6f   Thumb Code   122  stm32f10x_tim.o(.text)
    TI2_Config                               0x08008003   Thumb Code   130  stm32f10x_tim.o(.text)
    TI1_Config                               0x08008097   Thumb Code   108  stm32f10x_tim.o(.text)
    .text                                    0x08008850   Section        0  stm32f10x_usart.o(.text)
    .text                                    0x08008c58   Section        0  stm32f10x_exti.o(.text)
    .text                                    0x08008d74   Section        0  stm32f10x_spi.o(.text)
    .text                                    0x08009080   Section        0  stm32f10x_adc.o(.text)
    .text                                    0x080094d0   Section        0  stm32f10x_fsmc.o(.text)
    .text                                    0x08009adc   Section        0  strlen.o(.text)
    .text                                    0x08009aea   Section        0  fadd.o(.text)
    .text                                    0x08009b9a   Section        0  fdiv.o(.text)
    .text                                    0x08009c16   Section        0  dadd.o(.text)
    .text                                    0x08009d64   Section        0  dmul.o(.text)
    .text                                    0x08009e48   Section        0  ddiv.o(.text)
    .text                                    0x08009f26   Section        0  ffltui.o(.text)
    .text                                    0x08009f30   Section        0  dfltui.o(.text)
    .text                                    0x08009f4a   Section        0  ffixui.o(.text)
    .text                                    0x08009f72   Section        0  dfixui.o(.text)
    .text                                    0x08009fa4   Section        0  f2d.o(.text)
    .text                                    0x08009fca   Section        0  d2f.o(.text)
    .text                                    0x0800a002   Section        0  uidiv.o(.text)
    .text                                    0x0800a02e   Section        0  uldiv.o(.text)
    .text                                    0x0800a090   Section        0  llshl.o(.text)
    .text                                    0x0800a0ae   Section        0  llushr.o(.text)
    .text                                    0x0800a0ce   Section        0  llsshr.o(.text)
    .text                                    0x0800a0f2   Section        0  iusefp.o(.text)
    .text                                    0x0800a0f2   Section        0  fepilogue.o(.text)
    .text                                    0x0800a160   Section        0  depilogue.o(.text)
    .text                                    0x0800a21a   Section        0  dfixul.o(.text)
    .text                                    0x0800a24c   Section       48  cdrcmple.o(.text)
    .text                                    0x0800a27c   Section       36  init.o(.text)
    i.__0printf$5                            0x0800a2a0   Section        0  printf5.o(i.__0printf$5)
    i.__0vsprintf                            0x0800a2c0   Section        0  printfa.o(i.__0vsprintf)
    i.__scatterload_copy                     0x0800a2e4   Section       14  handlers.o(i.__scatterload_copy)
    i.__scatterload_null                     0x0800a2f2   Section        2  handlers.o(i.__scatterload_null)
    i.__scatterload_zeroinit                 0x0800a2f4   Section       14  handlers.o(i.__scatterload_zeroinit)
    i._fp_digits                             0x0800a304   Section        0  printfa.o(i._fp_digits)
    _fp_digits                               0x0800a305   Thumb Code   334  printfa.o(i._fp_digits)
    i._printf_core                           0x0800a468   Section        0  printf5.o(i._printf_core)
    _printf_core                             0x0800a469   Thumb Code   658  printf5.o(i._printf_core)
    i._printf_core                           0x0800a728   Section        0  printfa.o(i._printf_core)
    _printf_core                             0x0800a729   Thumb Code  1744  printfa.o(i._printf_core)
    i._printf_post_padding                   0x0800ae04   Section        0  printfa.o(i._printf_post_padding)
    _printf_post_padding                     0x0800ae05   Thumb Code    36  printfa.o(i._printf_post_padding)
    i._printf_pre_padding                    0x0800ae28   Section        0  printfa.o(i._printf_pre_padding)
    _printf_pre_padding                      0x0800ae29   Thumb Code    46  printfa.o(i._printf_pre_padding)
    i._sputc                                 0x0800ae56   Section        0  printfa.o(i._sputc)
    _sputc                                   0x0800ae57   Thumb Code    10  printfa.o(i._sputc)
    .constdata                               0x0800ae60   Section     6080  lcd.o(.constdata)
    .data                                    0x20000000   Section       20  system_stm32f10x.o(.data)
    .data                                    0x20000014   Section        1  key.o(.data)
    key_up                                   0x20000014   Data           1  key.o(.data)
    .data                                    0x20000015   Section       32  ads1292.o(.data)
    .data                                    0x20000036   Section        4  lcd.o(.data)
    .data                                    0x20000040   Section        8  ad9954.o(.data)
    .data                                    0x20000048   Section        4  delay.o(.data)
    fac_us                                   0x20000048   Data           1  delay.o(.data)
    fac_ms                                   0x2000004a   Data           2  delay.o(.data)
    .data                                    0x2000004c   Section        6  usart.o(.data)
    .data                                    0x20000052   Section        2  uart4.o(.data)
    .data                                    0x20000054   Section       20  stm32f10x_rcc.o(.data)
    APBAHBPrescTable                         0x20000054   Data          16  stm32f10x_rcc.o(.data)
    ADCPrescTable                            0x20000064   Data           4  stm32f10x_rcc.o(.data)
    .bss                                     0x20000068   Section       21  ads1292.o(.bss)
    .bss                                     0x2000007e   Section       14  lcd.o(.bss)
    .bss                                     0x2000008c   Section      200  usart.o(.bss)
    .bss                                     0x20000154   Section      400  uart4.o(.bss)
    STACK                                    0x200002e8   Section     1024  startup_stm32f10x_hd.o(STACK)

    Global Symbols

    Symbol Name                              Value     Ov Type        Size  Object(Section)

    BuildAttributes$$THM_ISAv4$P$D$K$B$S$PE$A:L22UL41UL21$X:L11$S22US41US21$IEEE1$IW$USESV6$~STKCKD$USESV7$~SHL$OTIME$ROPI$EBA8$MICROLIB$REQ8$PRES8$EABIv2 0x00000000   Number         0  anon$$obj.o ABSOLUTE
    __ARM_use_no_argv                        0x00000000   Number         0  main.o ABSOLUTE
    __use_no_errno                           0x00000000   Number         0  useno.o ABSOLUTE
    __use_no_exception_handling              0x00000000   Number         0  useno.o ABSOLUTE
    __use_no_fp                              0x00000000   Number         0  useno.o ABSOLUTE
    __use_no_heap                            0x00000000   Number         0  useno.o ABSOLUTE
    __use_no_heap_region                     0x00000000   Number         0  useno.o ABSOLUTE
    __use_no_semihosting                     0x00000000   Number         0  useno.o ABSOLUTE
    __use_no_semihosting_swi                 0x00000000   Number         0  useno.o ABSOLUTE
    __use_no_signal_handling                 0x00000000   Number         0  useno.o ABSOLUTE
    _printf_a                                0x00000000   Number         0  stubs.o ABSOLUTE
    _printf_c                                0x00000000   Number         0  stubs.o ABSOLUTE
    _printf_charcount                        0x00000000   Number         0  stubs.o ABSOLUTE
    _printf_d                                0x00000000   Number         0  stubs.o ABSOLUTE
    _printf_e                                0x00000000   Number         0  stubs.o ABSOLUTE
    _printf_f                                0x00000000   Number         0  stubs.o ABSOLUTE
    _printf_flags                            0x00000000   Number         0  stubs.o ABSOLUTE
    _printf_fp_dec                           0x00000000   Number         0  stubs.o ABSOLUTE
    _printf_fp_hex                           0x00000000   Number         0  stubs.o ABSOLUTE
    _printf_g                                0x00000000   Number         0  stubs.o ABSOLUTE
    _printf_i                                0x00000000   Number         0  stubs.o ABSOLUTE
    _printf_int_dec                          0x00000000   Number         0  stubs.o ABSOLUTE
    _printf_l                                0x00000000   Number         0  stubs.o ABSOLUTE
    _printf_lc                               0x00000000   Number         0  stubs.o ABSOLUTE
    _printf_ll                               0x00000000   Number         0  stubs.o ABSOLUTE
    _printf_lld                              0x00000000   Number         0  stubs.o ABSOLUTE
    _printf_lli                              0x00000000   Number         0  stubs.o ABSOLUTE
    _printf_llo                              0x00000000   Number         0  stubs.o ABSOLUTE
    _printf_llu                              0x00000000   Number         0  stubs.o ABSOLUTE
    _printf_llx                              0x00000000   Number         0  stubs.o ABSOLUTE
    _printf_longlong_dec                     0x00000000   Number         0  stubs.o ABSOLUTE
    _printf_longlong_hex                     0x00000000   Number         0  stubs.o ABSOLUTE
    _printf_longlong_oct                     0x00000000   Number         0  stubs.o ABSOLUTE
    _printf_ls                               0x00000000   Number         0  stubs.o ABSOLUTE
    _printf_mbtowc                           0x00000000   Number         0  stubs.o ABSOLUTE
    _printf_n                                0x00000000   Number         0  stubs.o ABSOLUTE
    _printf_o                                0x00000000   Number         0  stubs.o ABSOLUTE
    _printf_p                                0x00000000   Number         0  stubs.o ABSOLUTE
    _printf_percent                          0x00000000   Number         0  stubs.o ABSOLUTE
    _printf_pre_padding                      0x00000000   Number         0  stubs.o ABSOLUTE
    _printf_return_value                     0x00000000   Number         0  stubs.o ABSOLUTE
    _printf_s                                0x00000000   Number         0  stubs.o ABSOLUTE
    _printf_sizespec                         0x00000000   Number         0  stubs.o ABSOLUTE
    _printf_str                              0x00000000   Number         0  stubs.o ABSOLUTE
    _printf_truncate_signed                  0x00000000   Number         0  stubs.o ABSOLUTE
    _printf_truncate_unsigned                0x00000000   Number         0  stubs.o ABSOLUTE
    _printf_u                                0x00000000   Number         0  stubs.o ABSOLUTE
    _printf_wc                               0x00000000   Number         0  stubs.o ABSOLUTE
    _printf_wctomb                           0x00000000   Number         0  stubs.o ABSOLUTE
    _printf_widthprec                        0x00000000   Number         0  stubs.o ABSOLUTE
    _printf_x                                0x00000000   Number         0  stubs.o ABSOLUTE
    __cpp_initialize__aeabi_                  - Undefined Weak Reference
    __cxa_finalize                            - Undefined Weak Reference
    __decompress                              - Undefined Weak Reference
    _clock_init                               - Undefined Weak Reference
    _microlib_exit                            - Undefined Weak Reference
    __Vectors_Size                           0x00000130   Number         0  startup_stm32f10x_hd.o ABSOLUTE
    __Vectors                                0x08000000   Data           4  startup_stm32f10x_hd.o(RESET)
    __Vectors_End                            0x08000130   Data           0  startup_stm32f10x_hd.o(RESET)
    __main                                   0x08000131   Thumb Code     0  entry.o(.ARM.Collect$$$$00000000)
    _main_stk                                0x08000131   Thumb Code     0  entry2.o(.ARM.Collect$$$$00000001)
    _main_scatterload                        0x08000135   Thumb Code     0  entry5.o(.ARM.Collect$$$$00000004)
    __main_after_scatterload                 0x08000139   Thumb Code     0  entry5.o(.ARM.Collect$$$$00000004)
    _main_clock                              0x08000139   Thumb Code     0  entry7b.o(.ARM.Collect$$$$00000008)
    _main_cpp_init                           0x08000139   Thumb Code     0  entry8b.o(.ARM.Collect$$$$0000000A)
    _main_init                               0x08000139   Thumb Code     0  entry9a.o(.ARM.Collect$$$$0000000B)
    __rt_final_cpp                           0x08000141   Thumb Code     0  entry10a.o(.ARM.Collect$$$$0000000D)
    __rt_final_exit                          0x08000141   Thumb Code     0  entry11a.o(.ARM.Collect$$$$0000000F)
    main                                     0x08000145   Thumb Code   364  main.o(.text)
    NMI_Handler                              0x080002ed   Thumb Code     2  stm32f10x_it.o(.text)
    HardFault_Handler                        0x080002ef   Thumb Code     4  stm32f10x_it.o(.text)
    MemManage_Handler                        0x080002f3   Thumb Code     4  stm32f10x_it.o(.text)
    BusFault_Handler                         0x080002f7   Thumb Code     4  stm32f10x_it.o(.text)
    UsageFault_Handler                       0x080002fb   Thumb Code     4  stm32f10x_it.o(.text)
    SVC_Handler                              0x080002ff   Thumb Code     2  stm32f10x_it.o(.text)
    DebugMon_Handler                         0x08000301   Thumb Code     2  stm32f10x_it.o(.text)
    PendSV_Handler                           0x08000303   Thumb Code     2  stm32f10x_it.o(.text)
    SysTick_Handler                          0x08000305   Thumb Code     2  stm32f10x_it.o(.text)
    SystemInit                               0x080003e7   Thumb Code    78  system_stm32f10x.o(.text)
    SystemCoreClockUpdate                    0x08000435   Thumb Code   142  system_stm32f10x.o(.text)
    LED_Init                                 0x080004e9   Thumb Code    46  led.o(.text)
    KEY_Init                                 0x0800051d   Thumb Code    46  key.o(.text)
    KEY_Scan                                 0x0800054b   Thumb Code   258  key.o(.text)
    TIM3_Int_Init                            0x08000659   Thumb Code    90  timer.o(.text)
    TIM3_IRQHandler                          0x080006b3   Thumb Code    78  timer.o(.text)
    TIM4_PWM_Init                            0x08000701   Thumb Code   172  timer.o(.text)
    delay_nms                                0x080007cd   Thumb Code    28  ads115.o(.text)
    delay_nus                                0x080007e9   Thumb Code    28  ads115.o(.text)
    ADS1115_Init                             0x08000805   Thumb Code    84  ads115.o(.text)
    I2CStart_A                               0x08000859   Thumb Code    56  ads115.o(.text)
    I2CStop_A                                0x08000891   Thumb Code    42  ads115.o(.text)
    I2CWriteByte_A                           0x080008bb   Thumb Code    98  ads115.o(.text)
    I2CReadByte_A                            0x0800091d   Thumb Code   118  ads115.o(.text)
    ADS1115Config_A                          0x08000993   Thumb Code    68  ads115.o(.text)
    SetThresHold_A                           0x080009d7   Thumb Code    78  ads115.o(.text)
    ReadAD_A                                 0x08000a25   Thumb Code    86  ads115.o(.text)
    getad                                    0x08000a7b   Thumb Code    42  ads115.o(.text)
    lvbo                                     0x08000aa5   Thumb Code    70  ads115.o(.text)
    SPI2_Init                                0x08000b09   Thumb Code   120  spi.o(.text)
    SPI2_ReadWriteByte                       0x08000b81   Thumb Code    78  spi.o(.text)
    ADS1292_SPI                              0x08000bd9   Thumb Code    12  ads1292.o(.text)
    ADS1292_WR_REGS                          0x08000be5   Thumb Code   120  ads1292.o(.text)
    ADS1292_Send_CMD                         0x08000c5d   Thumb Code    38  ads1292.o(.text)
    ADS1292_PowerOnInit                      0x08000c83   Thumb Code    80  ads1292.o(.text)
    ADS1292_Init                             0x08000cd3   Thumb Code    70  ads1292.o(.text)
    ADS1292_Read_Data                        0x08000d19   Thumb Code    42  ads1292.o(.text)
    ADS1292_SET_REGBUFF                      0x08000d43   Thumb Code   574  ads1292.o(.text)
    ADS1292_WRITE_REGBUFF                    0x08000f81   Thumb Code   264  ads1292.o(.text)
    ADS1292_Single_Test                      0x08001089   Thumb Code    38  ads1292.o(.text)
    ADS1292_Noise_Test                       0x080010af   Thumb Code    38  ads1292.o(.text)
    ADS1292_Single_Read                      0x080010d5   Thumb Code    36  ads1292.o(.text)
    Set_ADS1292_Collect                      0x080010f9   Thumb Code    82  ads1292.o(.text)
    get_volt                                 0x0800114b   Thumb Code    10  ads1292.o(.text)
    DMA_Config                               0x08001189   Thumb Code   100  dma.o(.text)
    DMA_Enable                               0x080011ed   Thumb Code    20  dma.o(.text)
    EXTIX_Init                               0x08001205   Thumb Code   100  exti.o(.text)
    EXTI9_5_IRQHandler                       0x08001269   Thumb Code    38  exti.o(.text)
    SMBus_Delay                              0x080012a5   Thumb Code    26  mlx90614.o(.text)
    SMBus_StartBit                           0x080012bf   Thumb Code    62  mlx90614.o(.text)
    SMBus_StopBit                            0x080012fd   Thumb Code    56  mlx90614.o(.text)
    SMBus_ReceiveBit                         0x08001335   Thumb Code    66  mlx90614.o(.text)
    SMBus_SendBit                            0x08001377   Thumb Code    62  mlx90614.o(.text)
    SMBus_SendByte                           0x080013b5   Thumb Code    48  mlx90614.o(.text)
    SMBus_ReceiveByte                        0x080013e5   Thumb Code    50  mlx90614.o(.text)
    SMBus_Init                               0x08001417   Thumb Code    84  mlx90614.o(.text)
    PEC_Calculation                          0x0800146b   Thumb Code   186  mlx90614.o(.text)
    SMBus_ReadMemory                         0x08001525   Thumb Code   166  mlx90614.o(.text)
    SMBus_ReadTemp                           0x080015cb   Thumb Code    54  mlx90614.o(.text)
    Get_GY906                                0x08001601   Thumb Code    74  mlx90614.o(.text)
    BEEP_Init                                0x08001665   Thumb Code    46  beep.o(.text)
    Adc_Init                                 0x08001699   Thumb Code   132  adc.o(.text)
    Get_Adc                                  0x0800171d   Thumb Code    46  adc.o(.text)
    Get_Adc_Average                          0x0800174b   Thumb Code    46  adc.o(.text)
    LCD_WR_REG                               0x08001781   Thumb Code     6  lcd.o(.text)
    LCD_WR_DATA                              0x08001787   Thumb Code     8  lcd.o(.text)
    LCD_RD_DATA                              0x0800178f   Thumb Code    16  lcd.o(.text)
    LCD_WriteReg                             0x0800179f   Thumb Code    10  lcd.o(.text)
    LCD_ReadReg                              0x080017a9   Thumb Code    22  lcd.o(.text)
    LCD_WriteRAM_Prepare                     0x080017bf   Thumb Code    10  lcd.o(.text)
    LCD_WriteRAM                             0x080017c9   Thumb Code     8  lcd.o(.text)
    LCD_BGR2RGB                              0x080017d1   Thumb Code    26  lcd.o(.text)
    opt_delay                                0x080017eb   Thumb Code    14  lcd.o(.text)
    LCD_SetCursor                            0x080017f9   Thumb Code   418  lcd.o(.text)
    LCD_ReadPoint                            0x0800199b   Thumb Code   360  lcd.o(.text)
    LCD_DisplayOn                            0x08001b03   Thumb Code   102  lcd.o(.text)
    LCD_DisplayOff                           0x08001b69   Thumb Code    90  lcd.o(.text)
    LCD_Scan_Dir                             0x08001bc3   Thumb Code   744  lcd.o(.text)
    LCD_DrawPoint                            0x08001eab   Thumb Code    28  lcd.o(.text)
    LCD_Fast_DrawPoint                       0x08001ec7   Thumb Code   384  lcd.o(.text)
    LCD_SSD_BackLightSet                     0x08002047   Thumb Code    80  lcd.o(.text)
    LCD_Display_Dir                          0x08002097   Thumb Code   444  lcd.o(.text)
    LCD_Set_Window                           0x08002253   Thumb Code   540  lcd.o(.text)
    LCD_Clear                                0x0800246f   Thumb Code   100  lcd.o(.text)
    LCD_Init                                 0x080024d3   Thumb Code 14184  lcd.o(.text)
    LCD_Fill                                 0x08005c3b   Thumb Code   178  lcd.o(.text)
    LCD_Color_Fill                           0x08005ced   Thumb Code   106  lcd.o(.text)
    LCD_DrawLine                             0x08005d57   Thumb Code   176  lcd.o(.text)
    LCD_DrawRectangle                        0x08005e07   Thumb Code    60  lcd.o(.text)
    LCD_Draw_Circle                          0x08005e43   Thumb Code   152  lcd.o(.text)
    LCD_ShowChar                             0x08005edb   Thumb Code   272  lcd.o(.text)
    LCD_Pow                                  0x08005feb   Thumb Code    22  lcd.o(.text)
    LCD_ShowNum                              0x08006001   Thumb Code   148  lcd.o(.text)
    LCD_ShowxNum                             0x08006095   Thumb Code   220  lcd.o(.text)
    LCD_ShowString                           0x08006171   Thumb Code   102  lcd.o(.text)
    GPIO_AD9954_Init                         0x080061d9   Thumb Code   106  ad9954.o(.text)
    AD9954_RESET                             0x08006243   Thumb Code    90  ad9954.o(.text)
    AD9954_SENDBYTE                          0x0800629d   Thumb Code    56  ad9954.o(.text)
    AD9954_ReadByte                          0x080062d5   Thumb Code    42  ad9954.o(.text)
    UPDATE                                   0x080062ff   Thumb Code    34  ad9954.o(.text)
    Read_Vau1                                0x08006321   Thumb Code    58  ad9954.o(.text)
    Read_Vau2                                0x0800635b   Thumb Code    48  ad9954.o(.text)
    AD9954_Init                              0x0800638b   Thumb Code    88  ad9954.o(.text)
    Get_FTW                                  0x080063e3   Thumb Code    30  ad9954.o(.text)
    AD9954_SETFRE                            0x08006401   Thumb Code    72  ad9954.o(.text)
    DirectSwitchPSK                          0x08006449   Thumb Code   642  ad9954.o(.text)
    Generate_PSK                             0x080066cb   Thumb Code   300  ad9954.o(.text)
    Generate_FM                              0x080067f7   Thumb Code   250  ad9954.o(.text)
    ASK_Init                                 0x080068f1   Thumb Code    70  ad9954.o(.text)
    AM_Init                                  0x08006937   Thumb Code    52  ad9954.o(.text)
    Write_ASF                                0x0800696b   Thumb Code    44  ad9954.o(.text)
    Linear_Sweep                             0x08006997   Thumb Code   354  ad9954.o(.text)
    PS0_WriteBit                             0x08006af9   Thumb Code     6  ad9954.o(.text)
    DirectSwitchFSK                          0x08006aff   Thumb Code   522  ad9954.o(.text)
    LINEARSWEEP                              0x08006d09   Thumb Code   298  ad9954.o(.text)
    delay_init                               0x08006e45   Thumb Code    50  delay.o(.text)
    delay_us                                 0x08006e77   Thumb Code    72  delay.o(.text)
    delay_ms                                 0x08006ebf   Thumb Code    72  delay.o(.text)
    delay_s                                  0x08006f07   Thumb Code   106  delay.o(.text)
    _sys_exit                                0x08006f81   Thumb Code     4  usart.o(.text)
    fputc                                    0x08006f85   Thumb Code    24  usart.o(.text)
    uart_init                                0x08006f9d   Thumb Code   152  usart.o(.text)
    USART1_IRQHandler                        0x08007035   Thumb Code   122  usart.o(.text)
    uart4_init                               0x080070c1   Thumb Code   158  uart4.o(.text)
    UART4_IRQHandler                         0x0800715f   Thumb Code   122  uart4.o(.text)
    u4_printf                                0x080071d9   Thumb Code    72  uart4.o(.text)
    Reset_Handler                            0x08007235   Thumb Code     8  startup_stm32f10x_hd.o(.text)
    ADC1_2_IRQHandler                        0x0800724f   Thumb Code     0  startup_stm32f10x_hd.o(.text)
    ADC3_IRQHandler                          0x0800724f   Thumb Code     0  startup_stm32f10x_hd.o(.text)
    CAN1_RX1_IRQHandler                      0x0800724f   Thumb Code     0  startup_stm32f10x_hd.o(.text)
    CAN1_SCE_IRQHandler                      0x0800724f   Thumb Code     0  startup_stm32f10x_hd.o(.text)
    DMA1_Channel1_IRQHandler                 0x0800724f   Thumb Code     0  startup_stm32f10x_hd.o(.text)
    DMA1_Channel2_IRQHandler                 0x0800724f   Thumb Code     0  startup_stm32f10x_hd.o(.text)
    DMA1_Channel3_IRQHandler                 0x0800724f   Thumb Code     0  startup_stm32f10x_hd.o(.text)
    DMA1_Channel4_IRQHandler                 0x0800724f   Thumb Code     0  startup_stm32f10x_hd.o(.text)
    DMA1_Channel5_IRQHandler                 0x0800724f   Thumb Code     0  startup_stm32f10x_hd.o(.text)
    DMA1_Channel6_IRQHandler                 0x0800724f   Thumb Code     0  startup_stm32f10x_hd.o(.text)
    DMA1_Channel7_IRQHandler                 0x0800724f   Thumb Code     0  startup_stm32f10x_hd.o(.text)
    DMA2_Channel1_IRQHandler                 0x0800724f   Thumb Code     0  startup_stm32f10x_hd.o(.text)
    DMA2_Channel2_IRQHandler                 0x0800724f   Thumb Code     0  startup_stm32f10x_hd.o(.text)
    DMA2_Channel3_IRQHandler                 0x0800724f   Thumb Code     0  startup_stm32f10x_hd.o(.text)
    DMA2_Channel4_5_IRQHandler               0x0800724f   Thumb Code     0  startup_stm32f10x_hd.o(.text)
    EXTI0_IRQHandler                         0x0800724f   Thumb Code     0  startup_stm32f10x_hd.o(.text)
    EXTI15_10_IRQHandler                     0x0800724f   Thumb Code     0  startup_stm32f10x_hd.o(.text)
    EXTI1_IRQHandler                         0x0800724f   Thumb Code     0  startup_stm32f10x_hd.o(.text)
    EXTI2_IRQHandler                         0x0800724f   Thumb Code     0  startup_stm32f10x_hd.o(.text)
    EXTI3_IRQHandler                         0x0800724f   Thumb Code     0  startup_stm32f10x_hd.o(.text)
    EXTI4_IRQHandler                         0x0800724f   Thumb Code     0  startup_stm32f10x_hd.o(.text)
    FLASH_IRQHandler                         0x0800724f   Thumb Code     0  startup_stm32f10x_hd.o(.text)
    FSMC_IRQHandler                          0x0800724f   Thumb Code     0  startup_stm32f10x_hd.o(.text)
    I2C1_ER_IRQHandler                       0x0800724f   Thumb Code     0  startup_stm32f10x_hd.o(.text)
    I2C1_EV_IRQHandler                       0x0800724f   Thumb Code     0  startup_stm32f10x_hd.o(.text)
    I2C2_ER_IRQHandler                       0x0800724f   Thumb Code     0  startup_stm32f10x_hd.o(.text)
    I2C2_EV_IRQHandler                       0x0800724f   Thumb Code     0  startup_stm32f10x_hd.o(.text)
    PVD_IRQHandler                           0x0800724f   Thumb Code     0  startup_stm32f10x_hd.o(.text)
    RCC_IRQHandler                           0x0800724f   Thumb Code     0  startup_stm32f10x_hd.o(.text)
    RTCAlarm_IRQHandler                      0x0800724f   Thumb Code     0  startup_stm32f10x_hd.o(.text)
    RTC_IRQHandler                           0x0800724f   Thumb Code     0  startup_stm32f10x_hd.o(.text)
    SDIO_IRQHandler                          0x0800724f   Thumb Code     0  startup_stm32f10x_hd.o(.text)
    SPI1_IRQHandler                          0x0800724f   Thumb Code     0  startup_stm32f10x_hd.o(.text)
    SPI2_IRQHandler                          0x0800724f   Thumb Code     0  startup_stm32f10x_hd.o(.text)
    SPI3_IRQHandler                          0x0800724f   Thumb Code     0  startup_stm32f10x_hd.o(.text)
    TAMPER_IRQHandler                        0x0800724f   Thumb Code     0  startup_stm32f10x_hd.o(.text)
    TIM1_BRK_IRQHandler                      0x0800724f   Thumb Code     0  startup_stm32f10x_hd.o(.text)
    TIM1_CC_IRQHandler                       0x0800724f   Thumb Code     0  startup_stm32f10x_hd.o(.text)
    TIM1_TRG_COM_IRQHandler                  0x0800724f   Thumb Code     0  startup_stm32f10x_hd.o(.text)
    TIM1_UP_IRQHandler                       0x0800724f   Thumb Code     0  startup_stm32f10x_hd.o(.text)
    TIM2_IRQHandler                          0x0800724f   Thumb Code     0  startup_stm32f10x_hd.o(.text)
    TIM4_IRQHandler                          0x0800724f   Thumb Code     0  startup_stm32f10x_hd.o(.text)
    TIM5_IRQHandler                          0x0800724f   Thumb Code     0  startup_stm32f10x_hd.o(.text)
    TIM6_IRQHandler                          0x0800724f   Thumb Code     0  startup_stm32f10x_hd.o(.text)
    TIM7_IRQHandler                          0x0800724f   Thumb Code     0  startup_stm32f10x_hd.o(.text)
    TIM8_BRK_IRQHandler                      0x0800724f   Thumb Code     0  startup_stm32f10x_hd.o(.text)
    TIM8_CC_IRQHandler                       0x0800724f   Thumb Code     0  startup_stm32f10x_hd.o(.text)
    TIM8_TRG_COM_IRQHandler                  0x0800724f   Thumb Code     0  startup_stm32f10x_hd.o(.text)
    TIM8_UP_IRQHandler                       0x0800724f   Thumb Code     0  startup_stm32f10x_hd.o(.text)
    UART5_IRQHandler                         0x0800724f   Thumb Code     0  startup_stm32f10x_hd.o(.text)
    USART2_IRQHandler                        0x0800724f   Thumb Code     0  startup_stm32f10x_hd.o(.text)
    USART3_IRQHandler                        0x0800724f   Thumb Code     0  startup_stm32f10x_hd.o(.text)
    USBWakeUp_IRQHandler                     0x0800724f   Thumb Code     0  startup_stm32f10x_hd.o(.text)
    USB_HP_CAN1_TX_IRQHandler                0x0800724f   Thumb Code     0  startup_stm32f10x_hd.o(.text)
    USB_LP_CAN1_RX0_IRQHandler               0x0800724f   Thumb Code     0  startup_stm32f10x_hd.o(.text)
    WWDG_IRQHandler                          0x0800724f   Thumb Code     0  startup_stm32f10x_hd.o(.text)
    NVIC_PriorityGroupConfig                 0x08007259   Thumb Code    10  misc.o(.text)
    NVIC_Init                                0x08007263   Thumb Code   100  misc.o(.text)
    NVIC_SetVectorTable                      0x080072c7   Thumb Code    14  misc.o(.text)
    NVIC_SystemLPConfig                      0x080072d5   Thumb Code    34  misc.o(.text)
    SysTick_CLKSourceConfig                  0x080072f7   Thumb Code    40  misc.o(.text)
    GPIO_DeInit                              0x08007335   Thumb Code   172  stm32f10x_gpio.o(.text)
    GPIO_AFIODeInit                          0x080073e1   Thumb Code    20  stm32f10x_gpio.o(.text)
    GPIO_Init                                0x080073f5   Thumb Code   278  stm32f10x_gpio.o(.text)
    GPIO_StructInit                          0x0800750b   Thumb Code    16  stm32f10x_gpio.o(.text)
    GPIO_ReadInputDataBit                    0x0800751b   Thumb Code    18  stm32f10x_gpio.o(.text)
    GPIO_ReadInputData                       0x0800752d   Thumb Code     8  stm32f10x_gpio.o(.text)
    GPIO_ReadOutputDataBit                   0x08007535   Thumb Code    18  stm32f10x_gpio.o(.text)
    GPIO_ReadOutputData                      0x08007547   Thumb Code     8  stm32f10x_gpio.o(.text)
    GPIO_SetBits                             0x0800754f   Thumb Code     4  stm32f10x_gpio.o(.text)
    GPIO_ResetBits                           0x08007553   Thumb Code     4  stm32f10x_gpio.o(.text)
    GPIO_WriteBit                            0x08007557   Thumb Code    10  stm32f10x_gpio.o(.text)
    GPIO_Write                               0x08007561   Thumb Code     4  stm32f10x_gpio.o(.text)
    GPIO_PinLockConfig                       0x08007565   Thumb Code    18  stm32f10x_gpio.o(.text)
    GPIO_EventOutputConfig                   0x08007577   Thumb Code    26  stm32f10x_gpio.o(.text)
    GPIO_EventOutputCmd                      0x08007591   Thumb Code     6  stm32f10x_gpio.o(.text)
    GPIO_PinRemapConfig                      0x08007597   Thumb Code   138  stm32f10x_gpio.o(.text)
    GPIO_EXTILineConfig                      0x08007621   Thumb Code    66  stm32f10x_gpio.o(.text)
    GPIO_ETH_MediaInterfaceConfig            0x08007663   Thumb Code     8  stm32f10x_gpio.o(.text)
    RCC_DeInit                               0x08007691   Thumb Code    64  stm32f10x_rcc.o(.text)
    RCC_HSEConfig                            0x080076d1   Thumb Code    70  stm32f10x_rcc.o(.text)
    RCC_GetFlagStatus                        0x08007717   Thumb Code    56  stm32f10x_rcc.o(.text)
    RCC_WaitForHSEStartUp                    0x0800774f   Thumb Code    56  stm32f10x_rcc.o(.text)
    RCC_AdjustHSICalibrationValue            0x08007787   Thumb Code    20  stm32f10x_rcc.o(.text)
    RCC_HSICmd                               0x0800779b   Thumb Code     6  stm32f10x_rcc.o(.text)
    RCC_PLLConfig                            0x080077a1   Thumb Code    24  stm32f10x_rcc.o(.text)
    RCC_PLLCmd                               0x080077b9   Thumb Code     6  stm32f10x_rcc.o(.text)
    RCC_SYSCLKConfig                         0x080077bf   Thumb Code    18  stm32f10x_rcc.o(.text)
    RCC_GetSYSCLKSource                      0x080077d1   Thumb Code    10  stm32f10x_rcc.o(.text)
    RCC_HCLKConfig                           0x080077db   Thumb Code    18  stm32f10x_rcc.o(.text)
    RCC_PCLK1Config                          0x080077ed   Thumb Code    18  stm32f10x_rcc.o(.text)
    RCC_PCLK2Config                          0x080077ff   Thumb Code    20  stm32f10x_rcc.o(.text)
    RCC_ITConfig                             0x08007813   Thumb Code    26  stm32f10x_rcc.o(.text)
    RCC_USBCLKConfig                         0x0800782d   Thumb Code     8  stm32f10x_rcc.o(.text)
    RCC_ADCCLKConfig                         0x08007835   Thumb Code    18  stm32f10x_rcc.o(.text)
    RCC_LSEConfig                            0x08007847   Thumb Code    50  stm32f10x_rcc.o(.text)
    RCC_LSICmd                               0x08007879   Thumb Code     6  stm32f10x_rcc.o(.text)
    RCC_RTCCLKConfig                         0x0800787f   Thumb Code    12  stm32f10x_rcc.o(.text)
    RCC_RTCCLKCmd                            0x0800788b   Thumb Code     8  stm32f10x_rcc.o(.text)
    RCC_GetClocksFreq                        0x08007893   Thumb Code   192  stm32f10x_rcc.o(.text)
    RCC_AHBPeriphClockCmd                    0x08007953   Thumb Code    26  stm32f10x_rcc.o(.text)
    RCC_APB2PeriphClockCmd                   0x0800796d   Thumb Code    26  stm32f10x_rcc.o(.text)
    RCC_APB1PeriphClockCmd                   0x08007987   Thumb Code    26  stm32f10x_rcc.o(.text)
    RCC_APB2PeriphResetCmd                   0x080079a1   Thumb Code    26  stm32f10x_rcc.o(.text)
    RCC_APB1PeriphResetCmd                   0x080079bb   Thumb Code    26  stm32f10x_rcc.o(.text)
    RCC_BackupResetCmd                       0x080079d5   Thumb Code     8  stm32f10x_rcc.o(.text)
    RCC_ClockSecuritySystemCmd               0x080079dd   Thumb Code     6  stm32f10x_rcc.o(.text)
    RCC_MCOConfig                            0x080079e3   Thumb Code     6  stm32f10x_rcc.o(.text)
    RCC_ClearFlag                            0x080079e9   Thumb Code    14  stm32f10x_rcc.o(.text)
    RCC_GetITStatus                          0x080079f7   Thumb Code    20  stm32f10x_rcc.o(.text)
    RCC_ClearITPendingBit                    0x08007a0b   Thumb Code     6  stm32f10x_rcc.o(.text)
    TIM_DeInit                               0x08007a35   Thumb Code   424  stm32f10x_tim.o(.text)
    TIM_TimeBaseInit                         0x08007bdd   Thumb Code   122  stm32f10x_tim.o(.text)
    TIM_OC1Init                              0x08007c57   Thumb Code   132  stm32f10x_tim.o(.text)
    TIM_OC2Init                              0x08007cdb   Thumb Code   154  stm32f10x_tim.o(.text)
    TIM_OC3Init                              0x08007d75   Thumb Code   150  stm32f10x_tim.o(.text)
    TIM_OC4Init                              0x08007e0b   Thumb Code   182  stm32f10x_tim.o(.text)
    TIM_SetIC4Prescaler                      0x08007ec1   Thumb Code    26  stm32f10x_tim.o(.text)
    TIM_SetIC3Prescaler                      0x08007f5d   Thumb Code    18  stm32f10x_tim.o(.text)
    TIM_SetIC2Prescaler                      0x08007fe9   Thumb Code    26  stm32f10x_tim.o(.text)
    TIM_SetIC1Prescaler                      0x08008085   Thumb Code    18  stm32f10x_tim.o(.text)
    TIM_ICInit                               0x08008103   Thumb Code   150  stm32f10x_tim.o(.text)
    TIM_PWMIConfig                           0x08008199   Thumb Code   124  stm32f10x_tim.o(.text)
    TIM_BDTRConfig                           0x08008215   Thumb Code    32  stm32f10x_tim.o(.text)
    TIM_TimeBaseStructInit                   0x08008235   Thumb Code    18  stm32f10x_tim.o(.text)
    TIM_OCStructInit                         0x08008247   Thumb Code    20  stm32f10x_tim.o(.text)
    TIM_ICStructInit                         0x0800825b   Thumb Code    18  stm32f10x_tim.o(.text)
    TIM_BDTRStructInit                       0x0800826d   Thumb Code    40  stm32f10x_tim.o(.text)
    TIM_Cmd                                  0x08008295   Thumb Code    24  stm32f10x_tim.o(.text)
    TIM_CtrlPWMOutputs                       0x080082ad   Thumb Code    30  stm32f10x_tim.o(.text)
    TIM_ITConfig                             0x080082cb   Thumb Code    18  stm32f10x_tim.o(.text)
    TIM_GenerateEvent                        0x080082dd   Thumb Code     4  stm32f10x_tim.o(.text)
    TIM_DMAConfig                            0x080082e1   Thumb Code    10  stm32f10x_tim.o(.text)
    TIM_DMACmd                               0x080082eb   Thumb Code    18  stm32f10x_tim.o(.text)
    TIM_InternalClockConfig                  0x080082fd   Thumb Code    12  stm32f10x_tim.o(.text)
    TIM_SelectInputTrigger                   0x08008309   Thumb Code    18  stm32f10x_tim.o(.text)
    TIM_ITRxExternalClockConfig              0x0800831b   Thumb Code    24  stm32f10x_tim.o(.text)
    TIM_TIxExternalClockConfig               0x08008333   Thumb Code    62  stm32f10x_tim.o(.text)
    TIM_ETRConfig                            0x08008371   Thumb Code    28  stm32f10x_tim.o(.text)
    TIM_ETRClockMode1Config                  0x0800838d   Thumb Code    54  stm32f10x_tim.o(.text)
    TIM_ETRClockMode2Config                  0x080083c3   Thumb Code    32  stm32f10x_tim.o(.text)
    TIM_PrescalerConfig                      0x080083e3   Thumb Code     6  stm32f10x_tim.o(.text)
    TIM_CounterModeConfig                    0x080083e9   Thumb Code    18  stm32f10x_tim.o(.text)
    TIM_EncoderInterfaceConfig               0x080083fb   Thumb Code    66  stm32f10x_tim.o(.text)
    TIM_ForcedOC1Config                      0x0800843d   Thumb Code    18  stm32f10x_tim.o(.text)
    TIM_ForcedOC2Config                      0x0800844f   Thumb Code    26  stm32f10x_tim.o(.text)
    TIM_ForcedOC3Config                      0x08008469   Thumb Code    18  stm32f10x_tim.o(.text)
    TIM_ForcedOC4Config                      0x0800847b   Thumb Code    26  stm32f10x_tim.o(.text)
    TIM_ARRPreloadConfig                     0x08008495   Thumb Code    24  stm32f10x_tim.o(.text)
    TIM_SelectCOM                            0x080084ad   Thumb Code    24  stm32f10x_tim.o(.text)
    TIM_SelectCCDMA                          0x080084c5   Thumb Code    24  stm32f10x_tim.o(.text)
    TIM_CCPreloadControl                     0x080084dd   Thumb Code    24  stm32f10x_tim.o(.text)
    TIM_OC1PreloadConfig                     0x080084f5   Thumb Code    18  stm32f10x_tim.o(.text)
    TIM_OC2PreloadConfig                     0x08008507   Thumb Code    26  stm32f10x_tim.o(.text)
    TIM_OC3PreloadConfig                     0x08008521   Thumb Code    18  stm32f10x_tim.o(.text)
    TIM_OC4PreloadConfig                     0x08008533   Thumb Code    26  stm32f10x_tim.o(.text)
    TIM_OC1FastConfig                        0x0800854d   Thumb Code    18  stm32f10x_tim.o(.text)
    TIM_OC2FastConfig                        0x0800855f   Thumb Code    26  stm32f10x_tim.o(.text)
    TIM_OC3FastConfig                        0x08008579   Thumb Code    18  stm32f10x_tim.o(.text)
    TIM_OC4FastConfig                        0x0800858b   Thumb Code    26  stm32f10x_tim.o(.text)
    TIM_ClearOC1Ref                          0x080085a5   Thumb Code    18  stm32f10x_tim.o(.text)
    TIM_ClearOC2Ref                          0x080085b7   Thumb Code    24  stm32f10x_tim.o(.text)
    TIM_ClearOC3Ref                          0x080085cf   Thumb Code    18  stm32f10x_tim.o(.text)
    TIM_ClearOC4Ref                          0x080085e1   Thumb Code    24  stm32f10x_tim.o(.text)
    TIM_OC1PolarityConfig                    0x080085f9   Thumb Code    18  stm32f10x_tim.o(.text)
    TIM_OC1NPolarityConfig                   0x0800860b   Thumb Code    18  stm32f10x_tim.o(.text)
    TIM_OC2PolarityConfig                    0x0800861d   Thumb Code    26  stm32f10x_tim.o(.text)
    TIM_OC2NPolarityConfig                   0x08008637   Thumb Code    26  stm32f10x_tim.o(.text)
    TIM_OC3PolarityConfig                    0x08008651   Thumb Code    26  stm32f10x_tim.o(.text)
    TIM_OC3NPolarityConfig                   0x0800866b   Thumb Code    26  stm32f10x_tim.o(.text)
    TIM_OC4PolarityConfig                    0x08008685   Thumb Code    26  stm32f10x_tim.o(.text)
    TIM_CCxCmd                               0x0800869f   Thumb Code    30  stm32f10x_tim.o(.text)
    TIM_CCxNCmd                              0x080086bd   Thumb Code    30  stm32f10x_tim.o(.text)
    TIM_SelectOCxM                           0x080086db   Thumb Code    82  stm32f10x_tim.o(.text)
    TIM_UpdateDisableConfig                  0x0800872d   Thumb Code    24  stm32f10x_tim.o(.text)
    TIM_UpdateRequestConfig                  0x08008745   Thumb Code    24  stm32f10x_tim.o(.text)
    TIM_SelectHallSensor                     0x0800875d   Thumb Code    24  stm32f10x_tim.o(.text)
    TIM_SelectOnePulseMode                   0x08008775   Thumb Code    18  stm32f10x_tim.o(.text)
    TIM_SelectOutputTrigger                  0x08008787   Thumb Code    18  stm32f10x_tim.o(.text)
    TIM_SelectSlaveMode                      0x08008799   Thumb Code    18  stm32f10x_tim.o(.text)
    TIM_SelectMasterSlaveMode                0x080087ab   Thumb Code    18  stm32f10x_tim.o(.text)
    TIM_SetCounter                           0x080087bd   Thumb Code     4  stm32f10x_tim.o(.text)
    TIM_SetAutoreload                        0x080087c1   Thumb Code     4  stm32f10x_tim.o(.text)
    TIM_SetCompare1                          0x080087c5   Thumb Code     4  stm32f10x_tim.o(.text)
    TIM_SetCompare2                          0x080087c9   Thumb Code     4  stm32f10x_tim.o(.text)
    TIM_SetCompare3                          0x080087cd   Thumb Code     4  stm32f10x_tim.o(.text)
    TIM_SetCompare4                          0x080087d1   Thumb Code     6  stm32f10x_tim.o(.text)
    TIM_SetClockDivision                     0x080087d7   Thumb Code    18  stm32f10x_tim.o(.text)
    TIM_GetCapture1                          0x080087e9   Thumb Code     6  stm32f10x_tim.o(.text)
    TIM_GetCapture2                          0x080087ef   Thumb Code     6  stm32f10x_tim.o(.text)
    TIM_GetCapture3                          0x080087f5   Thumb Code     6  stm32f10x_tim.o(.text)
    TIM_GetCapture4                          0x080087fb   Thumb Code     8  stm32f10x_tim.o(.text)
    TIM_GetCounter                           0x08008803   Thumb Code     6  stm32f10x_tim.o(.text)
    TIM_GetPrescaler                         0x08008809   Thumb Code     6  stm32f10x_tim.o(.text)
    TIM_GetFlagStatus                        0x0800880f   Thumb Code    18  stm32f10x_tim.o(.text)
    TIM_ClearFlag                            0x08008821   Thumb Code     6  stm32f10x_tim.o(.text)
    TIM_GetITStatus                          0x08008827   Thumb Code    34  stm32f10x_tim.o(.text)
    TIM_ClearITPendingBit                    0x08008849   Thumb Code     6  stm32f10x_tim.o(.text)
    USART_DeInit                             0x08008851   Thumb Code   134  stm32f10x_usart.o(.text)
    USART_Init                               0x080088d7   Thumb Code   210  stm32f10x_usart.o(.text)
    USART_StructInit                         0x080089a9   Thumb Code    24  stm32f10x_usart.o(.text)
    USART_ClockInit                          0x080089c1   Thumb Code    34  stm32f10x_usart.o(.text)
    USART_ClockStructInit                    0x080089e3   Thumb Code    12  stm32f10x_usart.o(.text)
    USART_Cmd                                0x080089ef   Thumb Code    24  stm32f10x_usart.o(.text)
    USART_ITConfig                           0x08008a07   Thumb Code    74  stm32f10x_usart.o(.text)
    USART_DMACmd                             0x08008a51   Thumb Code    18  stm32f10x_usart.o(.text)
    USART_SetAddress                         0x08008a63   Thumb Code    18  stm32f10x_usart.o(.text)
    USART_WakeUpConfig                       0x08008a75   Thumb Code    18  stm32f10x_usart.o(.text)
    USART_ReceiverWakeUpCmd                  0x08008a87   Thumb Code    24  stm32f10x_usart.o(.text)
    USART_LINBreakDetectLengthConfig         0x08008a9f   Thumb Code    18  stm32f10x_usart.o(.text)
    USART_LINCmd                             0x08008ab1   Thumb Code    24  stm32f10x_usart.o(.text)
    USART_SendData                           0x08008ac9   Thumb Code     8  stm32f10x_usart.o(.text)
    USART_ReceiveData                        0x08008ad1   Thumb Code    10  stm32f10x_usart.o(.text)
    USART_SendBreak                          0x08008adb   Thumb Code    10  stm32f10x_usart.o(.text)
    USART_SetGuardTime                       0x08008ae5   Thumb Code    16  stm32f10x_usart.o(.text)
    USART_SetPrescaler                       0x08008af5   Thumb Code    16  stm32f10x_usart.o(.text)
    USART_SmartCardCmd                       0x08008b05   Thumb Code    24  stm32f10x_usart.o(.text)
    USART_SmartCardNACKCmd                   0x08008b1d   Thumb Code    24  stm32f10x_usart.o(.text)
    USART_HalfDuplexCmd                      0x08008b35   Thumb Code    24  stm32f10x_usart.o(.text)
    USART_OverSampling8Cmd                   0x08008b4d   Thumb Code    22  stm32f10x_usart.o(.text)
    USART_OneBitMethodCmd                    0x08008b63   Thumb Code    24  stm32f10x_usart.o(.text)
    USART_IrDAConfig                         0x08008b7b   Thumb Code    18  stm32f10x_usart.o(.text)
    USART_IrDACmd                            0x08008b8d   Thumb Code    24  stm32f10x_usart.o(.text)
    USART_GetFlagStatus                      0x08008ba5   Thumb Code    26  stm32f10x_usart.o(.text)
    USART_ClearFlag                          0x08008bbf   Thumb Code    18  stm32f10x_usart.o(.text)
    USART_GetITStatus                        0x08008bd1   Thumb Code    84  stm32f10x_usart.o(.text)
    USART_ClearITPendingBit                  0x08008c25   Thumb Code    52  stm32f10x_usart.o(.text)
    EXTI_DeInit                              0x08008c59   Thumb Code    28  stm32f10x_exti.o(.text)
    EXTI_Init                                0x08008c75   Thumb Code   142  stm32f10x_exti.o(.text)
    EXTI_StructInit                          0x08008d03   Thumb Code    16  stm32f10x_exti.o(.text)
    EXTI_GenerateSWInterrupt                 0x08008d13   Thumb Code    16  stm32f10x_exti.o(.text)
    EXTI_GetFlagStatus                       0x08008d23   Thumb Code    22  stm32f10x_exti.o(.text)
    EXTI_ClearFlag                           0x08008d39   Thumb Code     8  stm32f10x_exti.o(.text)
    EXTI_GetITStatus                         0x08008d41   Thumb Code    34  stm32f10x_exti.o(.text)
    EXTI_ClearITPendingBit                   0x08008d63   Thumb Code     8  stm32f10x_exti.o(.text)
    SPI_I2S_DeInit                           0x08008d75   Thumb Code    76  stm32f10x_spi.o(.text)
    SPI_Init                                 0x08008dc1   Thumb Code    60  stm32f10x_spi.o(.text)
    I2S_Init                                 0x08008dfd   Thumb Code   226  stm32f10x_spi.o(.text)
    SPI_StructInit                           0x08008edf   Thumb Code    24  stm32f10x_spi.o(.text)
    I2S_StructInit                           0x08008ef7   Thumb Code    20  stm32f10x_spi.o(.text)
    SPI_Cmd                                  0x08008f0b   Thumb Code    24  stm32f10x_spi.o(.text)
    I2S_Cmd                                  0x08008f23   Thumb Code    24  stm32f10x_spi.o(.text)
    SPI_I2S_ITConfig                         0x08008f3b   Thumb Code    32  stm32f10x_spi.o(.text)
    SPI_I2S_DMACmd                           0x08008f5b   Thumb Code    18  stm32f10x_spi.o(.text)
    SPI_I2S_SendData                         0x08008f6d   Thumb Code     4  stm32f10x_spi.o(.text)
    SPI_I2S_ReceiveData                      0x08008f71   Thumb Code     6  stm32f10x_spi.o(.text)
    SPI_NSSInternalSoftwareConfig            0x08008f77   Thumb Code    30  stm32f10x_spi.o(.text)
    SPI_SSOutputCmd                          0x08008f95   Thumb Code    24  stm32f10x_spi.o(.text)
    SPI_DataSizeConfig                       0x08008fad   Thumb Code    18  stm32f10x_spi.o(.text)
    SPI_TransmitCRC                          0x08008fbf   Thumb Code    10  stm32f10x_spi.o(.text)
    SPI_CalculateCRC                         0x08008fc9   Thumb Code    24  stm32f10x_spi.o(.text)
    SPI_GetCRC                               0x08008fe1   Thumb Code    16  stm32f10x_spi.o(.text)
    SPI_GetCRCPolynomial                     0x08008ff1   Thumb Code     6  stm32f10x_spi.o(.text)
    SPI_BiDirectionalLineConfig              0x08008ff7   Thumb Code    28  stm32f10x_spi.o(.text)
    SPI_I2S_GetFlagStatus                    0x08009013   Thumb Code    18  stm32f10x_spi.o(.text)
    SPI_I2S_ClearFlag                        0x08009025   Thumb Code     6  stm32f10x_spi.o(.text)
    SPI_I2S_GetITStatus                      0x0800902b   Thumb Code    52  stm32f10x_spi.o(.text)
    SPI_I2S_ClearITPendingBit                0x0800905f   Thumb Code    20  stm32f10x_spi.o(.text)
    ADC_DeInit                               0x08009081   Thumb Code    78  stm32f10x_adc.o(.text)
    ADC_Init                                 0x080090cf   Thumb Code    70  stm32f10x_adc.o(.text)
    ADC_StructInit                           0x08009115   Thumb Code    18  stm32f10x_adc.o(.text)
    ADC_Cmd                                  0x08009127   Thumb Code    22  stm32f10x_adc.o(.text)
    ADC_DMACmd                               0x0800913d   Thumb Code    22  stm32f10x_adc.o(.text)
    ADC_ITConfig                             0x08009153   Thumb Code    24  stm32f10x_adc.o(.text)
    ADC_ResetCalibration                     0x0800916b   Thumb Code    10  stm32f10x_adc.o(.text)
    ADC_GetResetCalibrationStatus            0x08009175   Thumb Code    20  stm32f10x_adc.o(.text)
    ADC_StartCalibration                     0x08009189   Thumb Code    10  stm32f10x_adc.o(.text)
    ADC_GetCalibrationStatus                 0x08009193   Thumb Code    20  stm32f10x_adc.o(.text)
    ADC_SoftwareStartConvCmd                 0x080091a7   Thumb Code    22  stm32f10x_adc.o(.text)
    ADC_GetSoftwareStartConvStatus           0x080091bd   Thumb Code    20  stm32f10x_adc.o(.text)
    ADC_DiscModeChannelCountConfig           0x080091d1   Thumb Code    24  stm32f10x_adc.o(.text)
    ADC_DiscModeCmd                          0x080091e9   Thumb Code    22  stm32f10x_adc.o(.text)
    ADC_RegularChannelConfig                 0x080091ff   Thumb Code   184  stm32f10x_adc.o(.text)
    ADC_ExternalTrigConvCmd                  0x080092b7   Thumb Code    22  stm32f10x_adc.o(.text)
    ADC_GetConversionValue                   0x080092cd   Thumb Code     8  stm32f10x_adc.o(.text)
    ADC_GetDualModeConversionValue           0x080092d5   Thumb Code     8  stm32f10x_adc.o(.text)
    ADC_AutoInjectedConvCmd                  0x080092dd   Thumb Code    22  stm32f10x_adc.o(.text)
    ADC_InjectedDiscModeCmd                  0x080092f3   Thumb Code    22  stm32f10x_adc.o(.text)
    ADC_ExternalTrigInjectedConvConfig       0x08009309   Thumb Code    16  stm32f10x_adc.o(.text)
    ADC_ExternalTrigInjectedConvCmd          0x08009319   Thumb Code    22  stm32f10x_adc.o(.text)
    ADC_SoftwareStartInjectedConvCmd         0x0800932f   Thumb Code    22  stm32f10x_adc.o(.text)
    ADC_GetSoftwareStartInjectedConvCmdStatus 0x08009345   Thumb Code    20  stm32f10x_adc.o(.text)
    ADC_InjectedChannelConfig                0x08009359   Thumb Code   130  stm32f10x_adc.o(.text)
    ADC_InjectedSequencerLengthConfig        0x080093db   Thumb Code    24  stm32f10x_adc.o(.text)
    ADC_SetInjectedOffset                    0x080093f3   Thumb Code    20  stm32f10x_adc.o(.text)
    ADC_GetInjectedConversionValue           0x08009407   Thumb Code    28  stm32f10x_adc.o(.text)
    ADC_AnalogWatchdogCmd                    0x08009423   Thumb Code    16  stm32f10x_adc.o(.text)
    ADC_AnalogWatchdogThresholdsConfig       0x08009433   Thumb Code     6  stm32f10x_adc.o(.text)
    ADC_AnalogWatchdogSingleChannelConfig    0x08009439   Thumb Code    16  stm32f10x_adc.o(.text)
    ADC_TempSensorVrefintCmd                 0x08009449   Thumb Code    64  stm32f10x_adc.o(.text)
    ADC_GetFlagStatus                        0x08009489   Thumb Code    18  stm32f10x_adc.o(.text)
    ADC_ClearFlag                            0x0800949b   Thumb Code     6  stm32f10x_adc.o(.text)
    ADC_GetITStatus                          0x080094a1   Thumb Code    36  stm32f10x_adc.o(.text)
    ADC_ClearITPendingBit                    0x080094c5   Thumb Code    10  stm32f10x_adc.o(.text)
    FSMC_NORSRAMDeInit                       0x080094d1   Thumb Code    54  stm32f10x_fsmc.o(.text)
    FSMC_NANDDeInit                          0x08009507   Thumb Code    62  stm32f10x_fsmc.o(.text)
    FSMC_PCCARDDeInit                        0x08009545   Thumb Code    36  stm32f10x_fsmc.o(.text)
    FSMC_NORSRAMInit                         0x08009569   Thumb Code   230  stm32f10x_fsmc.o(.text)
    FSMC_NANDInit                            0x0800964f   Thumb Code   132  stm32f10x_fsmc.o(.text)
    FSMC_PCCARDInit                          0x080096d3   Thumb Code   130  stm32f10x_fsmc.o(.text)
    FSMC_NORSRAMStructInit                   0x08009755   Thumb Code   114  stm32f10x_fsmc.o(.text)
    FSMC_NANDStructInit                      0x080097c7   Thumb Code    54  stm32f10x_fsmc.o(.text)
    FSMC_PCCARDStructInit                    0x080097fd   Thumb Code    60  stm32f10x_fsmc.o(.text)
    FSMC_NORSRAMCmd                          0x08009839   Thumb Code    46  stm32f10x_fsmc.o(.text)
    FSMC_NANDCmd                             0x08009867   Thumb Code    86  stm32f10x_fsmc.o(.text)
    FSMC_PCCARDCmd                           0x080098bd   Thumb Code    44  stm32f10x_fsmc.o(.text)
    FSMC_NANDECCCmd                          0x080098e9   Thumb Code    90  stm32f10x_fsmc.o(.text)
    FSMC_GetECC                              0x08009943   Thumb Code    24  stm32f10x_fsmc.o(.text)
    FSMC_ITConfig                            0x0800995b   Thumb Code   128  stm32f10x_fsmc.o(.text)
    FSMC_GetFlagStatus                       0x080099db   Thumb Code    54  stm32f10x_fsmc.o(.text)
    FSMC_ClearFlag                           0x08009a11   Thumb Code    62  stm32f10x_fsmc.o(.text)
    FSMC_GetITStatus                         0x08009a4f   Thumb Code    64  stm32f10x_fsmc.o(.text)
    FSMC_ClearITPendingBit                   0x08009a8f   Thumb Code    68  stm32f10x_fsmc.o(.text)
    strlen                                   0x08009add   Thumb Code    14  strlen.o(.text)
    __aeabi_fadd                             0x08009aeb   Thumb Code   164  fadd.o(.text)
    __aeabi_fsub                             0x08009b8f   Thumb Code     6  fadd.o(.text)
    __aeabi_frsub                            0x08009b95   Thumb Code     6  fadd.o(.text)
    __aeabi_fdiv                             0x08009b9b   Thumb Code   124  fdiv.o(.text)
    __aeabi_dadd                             0x08009c17   Thumb Code   322  dadd.o(.text)
    __aeabi_dsub                             0x08009d59   Thumb Code     6  dadd.o(.text)
    __aeabi_drsub                            0x08009d5f   Thumb Code     6  dadd.o(.text)
    __aeabi_dmul                             0x08009d65   Thumb Code   228  dmul.o(.text)
    __aeabi_ddiv                             0x08009e49   Thumb Code   222  ddiv.o(.text)
    __aeabi_ui2f                             0x08009f27   Thumb Code    10  ffltui.o(.text)
    __aeabi_ui2d                             0x08009f31   Thumb Code    26  dfltui.o(.text)
    __aeabi_f2uiz                            0x08009f4b   Thumb Code    40  ffixui.o(.text)
    __aeabi_d2uiz                            0x08009f73   Thumb Code    50  dfixui.o(.text)
    __aeabi_f2d                              0x08009fa5   Thumb Code    38  f2d.o(.text)
    __aeabi_d2f                              0x08009fcb   Thumb Code    56  d2f.o(.text)
    __aeabi_uidiv                            0x0800a003   Thumb Code     0  uidiv.o(.text)
    __aeabi_uidivmod                         0x0800a003   Thumb Code    44  uidiv.o(.text)
    __aeabi_uldivmod                         0x0800a02f   Thumb Code    98  uldiv.o(.text)
    __aeabi_llsl                             0x0800a091   Thumb Code    30  llshl.o(.text)
    _ll_shift_l                              0x0800a091   Thumb Code     0  llshl.o(.text)
    __aeabi_llsr                             0x0800a0af   Thumb Code    32  llushr.o(.text)
    _ll_ushift_r                             0x0800a0af   Thumb Code     0  llushr.o(.text)
    __aeabi_lasr                             0x0800a0cf   Thumb Code    36  llsshr.o(.text)
    _ll_sshift_r                             0x0800a0cf   Thumb Code     0  llsshr.o(.text)
    __I$use$fp                               0x0800a0f3   Thumb Code     0  iusefp.o(.text)
    _float_round                             0x0800a0f3   Thumb Code    18  fepilogue.o(.text)
    _float_epilogue                          0x0800a105   Thumb Code    92  fepilogue.o(.text)
    _double_round                            0x0800a161   Thumb Code    30  depilogue.o(.text)
    _double_epilogue                         0x0800a17f   Thumb Code   156  depilogue.o(.text)
    __aeabi_d2ulz                            0x0800a21b   Thumb Code    48  dfixul.o(.text)
    __aeabi_cdrcmple                         0x0800a24d   Thumb Code    48  cdrcmple.o(.text)
    __scatterload                            0x0800a27d   Thumb Code    28  init.o(.text)
    __scatterload_rt2                        0x0800a27d   Thumb Code     0  init.o(.text)
    __0printf$5                              0x0800a2a1   Thumb Code    22  printf5.o(i.__0printf$5)
    __1printf$5                              0x0800a2a1   Thumb Code     0  printf5.o(i.__0printf$5)
    __2printf                                0x0800a2a1   Thumb Code     0  printf5.o(i.__0printf$5)
    __0vsprintf                              0x0800a2c1   Thumb Code    30  printfa.o(i.__0vsprintf)
    __1vsprintf                              0x0800a2c1   Thumb Code     0  printfa.o(i.__0vsprintf)
    __2vsprintf                              0x0800a2c1   Thumb Code     0  printfa.o(i.__0vsprintf)
    __c89vsprintf                            0x0800a2c1   Thumb Code     0  printfa.o(i.__0vsprintf)
    vsprintf                                 0x0800a2c1   Thumb Code     0  printfa.o(i.__0vsprintf)
    __scatterload_copy                       0x0800a2e5   Thumb Code    14  handlers.o(i.__scatterload_copy)
    __scatterload_null                       0x0800a2f3   Thumb Code     2  handlers.o(i.__scatterload_null)
    __scatterload_zeroinit                   0x0800a2f5   Thumb Code    14  handlers.o(i.__scatterload_zeroinit)
    asc2_1206                                0x0800ae60   Data        1140  lcd.o(.constdata)
    asc2_1608                                0x0800b2d4   Data        1520  lcd.o(.constdata)
    asc2_2412                                0x0800b8c4   Data        3420  lcd.o(.constdata)
    Region$$Table$$Base                      0x0800c620   Number         0  anon$$obj.o(Region$$Table)
    Region$$Table$$Limit                     0x0800c640   Number         0  anon$$obj.o(Region$$Table)
    SystemCoreClock                          0x20000000   Data           4  system_stm32f10x.o(.data)
    AHBPrescTable                            0x20000004   Data          16  system_stm32f10x.o(.data)
    Ads1292_Config1                          0x20000015   Data           1  ads1292.o(.data)
    Ads1292_Config2                          0x20000016   Data           5  ads1292.o(.data)
    Ads1292_Ch1set                           0x2000001b   Data           3  ads1292.o(.data)
    Ads1292_Ch2set                           0x2000001e   Data           3  ads1292.o(.data)
    Ads1292_Rld_Sens                         0x20000021   Data           6  ads1292.o(.data)
    Ads1292_Loff_Sens                        0x20000027   Data           6  ads1292.o(.data)
    Ads1292_Resp1                            0x2000002d   Data           4  ads1292.o(.data)
    Ads1292_Resp2                            0x20000031   Data           3  ads1292.o(.data)
    ads1292_recive_flag                      0x20000034   Data           1  ads1292.o(.data)
    POINT_COLOR                              0x20000036   Data           2  lcd.o(.data)
    BACK_COLOR                               0x20000038   Data           2  lcd.o(.data)
    fH_Num                                   0x20000040   Data           8  ad9954.o(.data)
    __stdout                                 0x2000004c   Data           4  usart.o(.data)
    USART_RX_STA                             0x20000050   Data           2  usart.o(.data)
    UART4_RX_STA                             0x20000052   Data           2  uart4.o(.data)
    ADS1292_REG                              0x20000068   Data          12  ads1292.o(.bss)
    ads1292_Cache                            0x20000074   Data           9  ads1292.o(.bss)
    lcddev                                   0x2000007e   Data          14  lcd.o(.bss)
    USART_RX_BUF                             0x2000008c   Data         200  usart.o(.bss)
    UART4_RX_BUF                             0x20000154   Data         200  uart4.o(.bss)
    UART4_TX_BUF                             0x2000021c   Data         200  uart4.o(.bss)
    __initial_sp                             0x200006e8   Data           0  startup_stm32f10x_hd.o(STACK)



==============================================================================

Memory Map of the image

  Image Entry point : 0x08000131

  Load Region LR_IROM1 (Base: 0x08000000, Size: 0x0000c6a8, Max: 0x00080000, ABSOLUTE)

    Execution Region ER_IROM1 (Base: 0x08000000, Size: 0x0000c640, Max: 0x00080000, ABSOLUTE)

    Base Addr    Size         Type   Attr      Idx    E Section Name        Object

    0x08000000   0x00000130   Data   RO          509    RESET               startup_stm32f10x_hd.o
    0x08000130   0x00000000   Code   RO          624  * .ARM.Collect$$$$00000000  mc_w.l(entry.o)
    0x08000130   0x00000004   Code   RO          912    .ARM.Collect$$$$00000001  mc_w.l(entry2.o)
    0x08000134   0x00000004   Code   RO          915    .ARM.Collect$$$$00000004  mc_w.l(entry5.o)
    0x08000138   0x00000000   Code   RO          917    .ARM.Collect$$$$00000008  mc_w.l(entry7b.o)
    0x08000138   0x00000000   Code   RO          919    .ARM.Collect$$$$0000000A  mc_w.l(entry8b.o)
    0x08000138   0x00000008   Code   RO          920    .ARM.Collect$$$$0000000B  mc_w.l(entry9a.o)
    0x08000140   0x00000000   Code   RO          922    .ARM.Collect$$$$0000000D  mc_w.l(entry10a.o)
    0x08000140   0x00000000   Code   RO          924    .ARM.Collect$$$$0000000F  mc_w.l(entry11a.o)
    0x08000140   0x00000004   Code   RO          913    .ARM.Collect$$$$00002712  mc_w.l(entry2.o)
    0x08000144   0x000001a8   Code   RO            1    .text               main.o
    0x080002ec   0x0000001a   Code   RO          164    .text               stm32f10x_it.o
    0x08000306   0x00000002   PAD
    0x08000308   0x000001e0   Code   RO          205    .text               system_stm32f10x.o
    0x080004e8   0x00000034   Code   RO          223    .text               led.o
    0x0800051c   0x0000013c   Code   RO          235    .text               key.o
    0x08000658   0x00000168   Code   RO          248    .text               timer.o
    0x080007c0   0x00000348   Code   RO          260    .text               ads115.o
    0x08000b08   0x000000d0   Code   RO          272    .text               spi.o
    0x08000bd8   0x000005b0   Code   RO          287    .text               ads1292.o
    0x08001188   0x0000007c   Code   RO          309    .text               dma.o
    0x08001204   0x000000a0   Code   RO          321    .text               exti.o
    0x080012a4   0x000003c0   Code   RO          333    .text               mlx90614.o
    0x08001664   0x00000034   Code   RO          345    .text               beep.o
    0x08001698   0x000000e8   Code   RO          357    .text               adc.o
    0x08001780   0x00004a56   Code   RO          369    .text               lcd.o
    0x080061d6   0x00000002   PAD
    0x080061d8   0x00000c6c   Code   RO          399    .text               ad9954.o
    0x08006e44   0x0000013c   Code   RO          414    .text               delay.o
    0x08006f80   0x00000140   Code   RO          445    .text               usart.o
    0x080070c0   0x00000174   Code   RO          468    .text               uart4.o
    0x08007234   0x00000024   Code   RO          510    .text               startup_stm32f10x_hd.o
    0x08007258   0x000000dc   Code   RO          514    .text               misc.o
    0x08007334   0x0000035c   Code   RO          526    .text               stm32f10x_gpio.o
    0x08007690   0x000003a4   Code   RO          538    .text               stm32f10x_rcc.o
    0x08007a34   0x00000e1a   Code   RO          552    .text               stm32f10x_tim.o
    0x0800884e   0x00000002   PAD
    0x08008850   0x00000408   Code   RO          564    .text               stm32f10x_usart.o
    0x08008c58   0x0000011c   Code   RO          576    .text               stm32f10x_exti.o
    0x08008d74   0x0000030c   Code   RO          588    .text               stm32f10x_spi.o
    0x08009080   0x0000044e   Code   RO          600    .text               stm32f10x_adc.o
    0x080094ce   0x00000002   PAD
    0x080094d0   0x0000060c   Code   RO          612    .text               stm32f10x_fsmc.o
    0x08009adc   0x0000000e   Code   RO          627    .text               mc_w.l(strlen.o)
    0x08009aea   0x000000b0   Code   RO          890    .text               mf_w.l(fadd.o)
    0x08009b9a   0x0000007c   Code   RO          892    .text               mf_w.l(fdiv.o)
    0x08009c16   0x0000014e   Code   RO          894    .text               mf_w.l(dadd.o)
    0x08009d64   0x000000e4   Code   RO          896    .text               mf_w.l(dmul.o)
    0x08009e48   0x000000de   Code   RO          898    .text               mf_w.l(ddiv.o)
    0x08009f26   0x0000000a   Code   RO          900    .text               mf_w.l(ffltui.o)
    0x08009f30   0x0000001a   Code   RO          902    .text               mf_w.l(dfltui.o)
    0x08009f4a   0x00000028   Code   RO          904    .text               mf_w.l(ffixui.o)
    0x08009f72   0x00000032   Code   RO          906    .text               mf_w.l(dfixui.o)
    0x08009fa4   0x00000026   Code   RO          908    .text               mf_w.l(f2d.o)
    0x08009fca   0x00000038   Code   RO          910    .text               mf_w.l(d2f.o)
    0x0800a002   0x0000002c   Code   RO          926    .text               mc_w.l(uidiv.o)
    0x0800a02e   0x00000062   Code   RO          928    .text               mc_w.l(uldiv.o)
    0x0800a090   0x0000001e   Code   RO          930    .text               mc_w.l(llshl.o)
    0x0800a0ae   0x00000020   Code   RO          932    .text               mc_w.l(llushr.o)
    0x0800a0ce   0x00000024   Code   RO          934    .text               mc_w.l(llsshr.o)
    0x0800a0f2   0x00000000   Code   RO          936    .text               mc_w.l(iusefp.o)
    0x0800a0f2   0x0000006e   Code   RO          937    .text               mf_w.l(fepilogue.o)
    0x0800a160   0x000000ba   Code   RO          939    .text               mf_w.l(depilogue.o)
    0x0800a21a   0x00000030   Code   RO          941    .text               mf_w.l(dfixul.o)
    0x0800a24a   0x00000002   PAD
    0x0800a24c   0x00000030   Code   RO          943    .text               mf_w.l(cdrcmple.o)
    0x0800a27c   0x00000024   Code   RO          945    .text               mc_w.l(init.o)
    0x0800a2a0   0x00000020   Code   RO          762    i.__0printf$5       mc_w.l(printf5.o)
    0x0800a2c0   0x00000024   Code   RO          868    i.__0vsprintf       mc_w.l(printfa.o)
    0x0800a2e4   0x0000000e   Code   RO          949    i.__scatterload_copy  mc_w.l(handlers.o)
    0x0800a2f2   0x00000002   Code   RO          950    i.__scatterload_null  mc_w.l(handlers.o)
    0x0800a2f4   0x0000000e   Code   RO          951    i.__scatterload_zeroinit  mc_w.l(handlers.o)
    0x0800a302   0x00000002   PAD
    0x0800a304   0x00000164   Code   RO          869    i._fp_digits        mc_w.l(printfa.o)
    0x0800a468   0x000002c0   Code   RO          769    i._printf_core      mc_w.l(printf5.o)
    0x0800a728   0x000006dc   Code   RO          870    i._printf_core      mc_w.l(printfa.o)
    0x0800ae04   0x00000024   Code   RO          871    i._printf_post_padding  mc_w.l(printfa.o)
    0x0800ae28   0x0000002e   Code   RO          872    i._printf_pre_padding  mc_w.l(printfa.o)
    0x0800ae56   0x0000000a   Code   RO          874    i._sputc            mc_w.l(printfa.o)
    0x0800ae60   0x000017c0   Data   RO          371    .constdata          lcd.o
    0x0800c620   0x00000020   Data   RO          947    Region$$Table       anon$$obj.o


    Execution Region RW_IRAM1 (Base: 0x20000000, Size: 0x000006e8, Max: 0x00010000, ABSOLUTE)

    Base Addr    Size         Type   Attr      Idx    E Section Name        Object

    0x20000000   0x00000014   Data   RW          206    .data               system_stm32f10x.o
    0x20000014   0x00000001   Data   RW          236    .data               key.o
    0x20000015   0x00000020   Data   RW          289    .data               ads1292.o
    0x20000035   0x00000001   PAD
    0x20000036   0x00000004   Data   RW          372    .data               lcd.o
    0x2000003a   0x00000006   PAD
    0x20000040   0x00000008   Data   RW          400    .data               ad9954.o
    0x20000048   0x00000004   Data   RW          415    .data               delay.o
    0x2000004c   0x00000006   Data   RW          447    .data               usart.o
    0x20000052   0x00000002   Data   RW          470    .data               uart4.o
    0x20000054   0x00000014   Data   RW          539    .data               stm32f10x_rcc.o
    0x20000068   0x00000015   Zero   RW          288    .bss                ads1292.o
    0x2000007d   0x00000001   PAD
    0x2000007e   0x0000000e   Zero   RW          370    .bss                lcd.o
    0x2000008c   0x000000c8   Zero   RW          446    .bss                usart.o
    0x20000154   0x00000190   Zero   RW          469    .bss                uart4.o
    0x200002e4   0x00000004   PAD
    0x200002e8   0x00000400   Zero   RW          507    STACK               startup_stm32f10x_hd.o


==============================================================================

Image component sizes


      Code (inc. data)   RO Data    RW Data    ZI Data      Debug   Object Name

      3180         74          0          8          0       6652   ad9954.o
       232          8          0          0          0       1131   adc.o
       840         30          0          0          0       3188   ads115.o
      1456        162          0         32         21       8197   ads1292.o
        52          6          0          0          0        516   beep.o
       316         16          0          4          0       1279   delay.o
       124          4          0          0          0       1244   dma.o
       160         22          0          0          0        764   exti.o
       316         12          0          1          0        916   key.o
     19030        162       6080          4         14      22474   lcd.o
        52          6          0          0          0        515   led.o
       424         60          0          0          0     280911   main.o
       220         22          0          0          0       1857   misc.o
       960         26          0          0          0       4304   mlx90614.o
       208         10          0          0          0        939   spi.o
        36          8        304          0       1024        804   startup_stm32f10x_hd.o
      1102         26          0          0          0      11097   stm32f10x_adc.o
       284         10          0          0          0       2311   stm32f10x_exti.o
      1548         18          0          0          0       5435   stm32f10x_fsmc.o
       860         38          0          0          0       5789   stm32f10x_gpio.o
        26          0          0          0          0       1210   stm32f10x_it.o
       932         36          0         20          0       8996   stm32f10x_rcc.o
       780         14          0          0          0       6670   stm32f10x_spi.o
      3610         88          0          0          0      22896   stm32f10x_tim.o
      1032         22          0          0          0       8516   stm32f10x_usart.o
         0          0          0          0          0         32   sys.o
       480         38          0         20          0       1827   system_stm32f10x.o
       360         20          0          0          0       1254   timer.o
       372         20          0          2        400       2589   uart4.o
       320         18          0          6        200       3226   usart.o

    ----------------------------------------------------------------------
     39320        976       6416        104       1664     417539   Object Totals
         0          0         32          0          0          0   (incl. Generated)
         8          0          0          7          5          0   (incl. Padding)

    ----------------------------------------------------------------------

      Code (inc. data)   RO Data    RW Data    ZI Data      Debug   Library Member Name

         0          0          0          0          0          0   entry.o
         0          0          0          0          0          0   entry10a.o
         0          0          0          0          0          0   entry11a.o
         8          4          0          0          0          0   entry2.o
         4          0          0          0          0          0   entry5.o
         0          0          0          0          0          0   entry7b.o
         0          0          0          0          0          0   entry8b.o
         8          4          0          0          0          0   entry9a.o
        30          0          0          0          0          0   handlers.o
        36          8          0          0          0         68   init.o
         0          0          0          0          0          0   iusefp.o
        30          0          0          0          0         68   llshl.o
        36          0          0          0          0         68   llsshr.o
        32          0          0          0          0         68   llushr.o
       736         56          0          0          0        184   printf5.o
      2240         86          0          0          0        508   printfa.o
        14          0          0          0          0         68   strlen.o
        44          0          0          0          0         80   uidiv.o
        98          0          0          0          0         92   uldiv.o
        48          0          0          0          0         68   cdrcmple.o
        56          0          0          0          0         88   d2f.o
       334          0          0          0          0        148   dadd.o
       222          0          0          0          0        100   ddiv.o
       186          0          0          0          0        176   depilogue.o
        50          0          0          0          0         76   dfixui.o
        48          0          0          0          0         68   dfixul.o
        26          0          0          0          0         76   dfltui.o
       228          0          0          0          0         96   dmul.o
        38          0          0          0          0         68   f2d.o
       176          0          0          0          0        140   fadd.o
       124          0          0          0          0         88   fdiv.o
       110          0          0          0          0        168   fepilogue.o
        40          0          0          0          0         68   ffixui.o
        10          0          0          0          0         68   ffltui.o

    ----------------------------------------------------------------------
      5016        158          0          0          0       2700   Library Totals
         4          0          0          0          0          0   (incl. Padding)

    ----------------------------------------------------------------------

      Code (inc. data)   RO Data    RW Data    ZI Data      Debug   Library Name

      3316        158          0          0          0       1204   mc_w.l
      1696          0          0          0          0       1496   mf_w.l

    ----------------------------------------------------------------------
      5016        158          0          0          0       2700   Library Totals

    ----------------------------------------------------------------------

==============================================================================


      Code (inc. data)   RO Data    RW Data    ZI Data      Debug   

     44336       1134       6416        104       1664     416387   Grand Totals
     44336       1134       6416        104       1664     416387   ELF Image Totals
     44336       1134       6416        104          0          0   ROM Totals

==============================================================================

    Total RO  Size (Code + RO Data)                50752 (  49.56kB)
    Total RW  Size (RW Data + ZI Data)              1768 (   1.73kB)
    Total ROM Size (Code + RO Data + RW Data)      50856 (  49.66kB)

==============================================================================

